[2026-04-01 15:08:11,835] MacBookPro/INFO/locust.main: Starting Locust 2.43.3
[2026-04-01 15:08:11,837] MacBookPro/INFO/locust.main: Run time limit set to 120 seconds
[2026-04-01 15:08:11,838] MacBookPro/INFO/locustfile: Test started | users=20
[2026-04-01 15:08:11,838] MacBookPro/INFO/locust.runners: Ramping to 20 users at a rate of 2.00 per second
[2026-04-01 15:08:14,502] MacBookPro/WARNING/locustfile: High latency: 601.45ms | [cloudrun] distilbert
[2026-04-01 15:08:16,119] MacBookPro/WARNING/locustfile: High latency: 504.38ms | [cloudrun] distilbert
[2026-04-01 15:08:16,587] MacBookPro/WARNING/locustfile: High latency: 586.79ms | [cloudrun] distilbert
[2026-04-01 15:08:16,648] MacBookPro/WARNING/locustfile: High latency: 533.77ms | [cloudrun] distilbert
[2026-04-01 15:08:17,116] MacBookPro/WARNING/locustfile: High latency: 513.45ms | [cloudrun] distilbert
[2026-04-01 15:08:17,426] MacBookPro/WARNING/locustfile: High latency: 3386.07ms | [cloudrun] distilbert
[2026-04-01 15:08:18,629] MacBookPro/WARNING/locustfile: High latency: 556.13ms | [cloudrun] distilbert
[2026-04-01 15:08:18,880] MacBookPro/WARNING/locustfile: High latency: 534.66ms | [cloudrun] distilbert
[2026-04-01 15:08:19,459] MacBookPro/WARNING/locustfile: High latency: 521.76ms | [cloudrun] distilbert
[2026-04-01 15:08:19,488] MacBookPro/WARNING/locustfile: High latency: 514.12ms | [cloudrun] distilbert
[2026-04-01 15:08:20,016] MacBookPro/WARNING/locustfile: High latency: 527.64ms | [cloudrun] distilbert
[2026-04-01 15:08:20,860] MacBookPro/INFO/locust.runners: All users spawned: {"CloudRunDistilBert": 20} (20 total users)
[2026-04-01 15:08:21,506] MacBookPro/WARNING/locustfile: High latency: 503.47ms | [cloudrun] distilbert
[2026-04-01 15:08:22,235] MacBookPro/WARNING/locustfile: High latency: 509.07ms | [cloudrun] distilbert
[2026-04-01 15:08:22,621] MacBookPro/WARNING/locustfile: High latency: 531.64ms | [cloudrun] distilbert
[2026-04-01 15:08:22,826] MacBookPro/WARNING/locustfile: High latency: 513.4ms | [cloudrun] distilbert
[2026-04-01 15:08:24,843] MacBookPro/WARNING/locustfile: High latency: 533.1ms | [cloudrun] distilbert
[2026-04-01 15:08:25,340] MacBookPro/WARNING/locustfile: High latency: 513.78ms | [cloudrun] distilbert
[2026-04-01 15:08:25,727] MacBookPro/WARNING/locustfile: High latency: 601.56ms | [cloudrun] distilbert
[2026-04-01 15:08:26,032] MacBookPro/WARNING/locustfile: High latency: 590.97ms | [cloudrun] distilbert
[2026-04-01 15:08:27,427] MacBookPro/WARNING/locustfile: High latency: 501.09ms | [cloudrun] distilbert
[2026-04-01 15:08:33,251] MacBookPro/WARNING/locustfile: High latency: 507.13ms | [cloudrun] distilbert
[2026-04-01 15:08:33,629] MacBookPro/WARNING/locustfile: High latency: 505.3ms | [cloudrun] distilbert
[2026-04-01 15:08:35,039] MacBookPro/WARNING/locustfile: High latency: 510.75ms | [cloudrun] distilbert
[2026-04-01 15:08:35,829] MacBookPro/WARNING/locustfile: High latency: 517.67ms | [cloudrun] distilbert
[2026-04-01 15:08:36,037] MacBookPro/WARNING/locustfile: High latency: 506.2ms | [cloudrun] distilbert
[2026-04-01 15:08:36,184] MacBookPro/WARNING/locustfile: High latency: 559.75ms | [cloudrun] distilbert
[2026-04-01 15:08:36,447] MacBookPro/WARNING/locustfile: High latency: 519.79ms | [cloudrun] distilbert
[2026-04-01 15:08:36,745] MacBookPro/WARNING/locustfile: High latency: 504.9ms | [cloudrun] distilbert
[2026-04-01 15:08:40,238] MacBookPro/WARNING/locustfile: High latency: 501.8ms | [cloudrun] distilbert
[2026-04-01 15:08:40,427] MacBookPro/WARNING/locustfile: High latency: 515.13ms | [cloudrun] distilbert
[2026-04-01 15:08:40,445] MacBookPro/WARNING/locustfile: High latency: 506.14ms | [cloudrun] distilbert
[2026-04-01 15:08:41,464] MacBookPro/WARNING/locustfile: High latency: 500.36ms | [cloudrun] distilbert
[2026-04-01 15:08:41,656] MacBookPro/WARNING/locustfile: High latency: 507.71ms | [cloudrun] distilbert
[2026-04-01 15:08:42,111] MacBookPro/WARNING/locustfile: High latency: 572.41ms | [cloudrun] distilbert
[2026-04-01 15:08:42,250] MacBookPro/WARNING/locustfile: High latency: 569.02ms | [cloudrun] distilbert
[2026-04-01 15:08:42,476] MacBookPro/WARNING/locustfile: High latency: 500.54ms | [cloudrun] distilbert
[2026-04-01 15:08:42,655] MacBookPro/WARNING/locustfile: High latency: 518.7ms | [cloudrun] distilbert
[2026-04-01 15:08:42,820] MacBookPro/WARNING/locustfile: High latency: 502.78ms | [cloudrun] distilbert
[2026-04-01 15:08:43,624] MacBookPro/WARNING/locustfile: High latency: 518.16ms | [cloudrun] distilbert
[2026-04-01 15:08:44,574] MacBookPro/WARNING/locustfile: High latency: 532.88ms | [cloudrun] distilbert
[2026-04-01 15:08:45,436] MacBookPro/WARNING/locustfile: High latency: 508.18ms | [cloudrun] distilbert
[2026-04-01 15:08:45,442] MacBookPro/WARNING/locustfile: High latency: 501.8ms | [cloudrun] distilbert
[2026-04-01 15:08:45,622] MacBookPro/WARNING/locustfile: High latency: 514.46ms | [cloudrun] distilbert
[2026-04-01 15:08:46,944] MacBookPro/WARNING/locustfile: High latency: 527.48ms | [cloudrun] distilbert
[2026-04-01 15:08:47,196] MacBookPro/WARNING/locustfile: High latency: 555.31ms | [cloudrun] distilbert
[2026-04-01 15:08:50,429] MacBookPro/WARNING/locustfile: High latency: 512.83ms | [cloudrun] distilbert
[2026-04-01 15:08:52,127] MacBookPro/WARNING/locustfile: High latency: 589.91ms | [cloudrun] distilbert
[2026-04-01 15:08:52,153] MacBookPro/WARNING/locustfile: High latency: 526.65ms | [cloudrun] distilbert
[2026-04-01 15:08:52,833] MacBookPro/WARNING/locustfile: High latency: 536.17ms | [cloudrun] distilbert
[2026-04-01 15:08:53,040] MacBookPro/WARNING/locustfile: High latency: 511.36ms | [cloudrun] distilbert
[2026-04-01 15:08:53,230] MacBookPro/WARNING/locustfile: High latency: 540.22ms | [cloudrun] distilbert
[2026-04-01 15:08:53,488] MacBookPro/WARNING/locustfile: High latency: 536.25ms | [cloudrun] distilbert
[2026-04-01 15:08:53,615] MacBookPro/WARNING/locustfile: High latency: 558.55ms | [cloudrun] distilbert
[2026-04-01 15:08:54,616] MacBookPro/WARNING/locustfile: High latency: 552.36ms | [cloudrun] distilbert
[2026-04-01 15:08:54,654] MacBookPro/WARNING/locustfile: High latency: 520.9ms | [cloudrun] distilbert
[2026-04-01 15:08:55,463] MacBookPro/WARNING/locustfile: High latency: 517.49ms | [cloudrun] distilbert
[2026-04-01 15:08:55,975] MacBookPro/WARNING/locustfile: High latency: 513.23ms | [cloudrun] distilbert
[2026-04-01 15:08:57,952] MacBookPro/WARNING/locustfile: High latency: 507.74ms | [cloudrun] distilbert
[2026-04-01 15:08:57,956] MacBookPro/WARNING/locustfile: High latency: 512.47ms | [cloudrun] distilbert
[2026-04-01 15:08:58,534] MacBookPro/WARNING/locustfile: High latency: 512.85ms | [cloudrun] distilbert
[2026-04-01 15:08:59,256] MacBookPro/WARNING/locustfile: High latency: 551.31ms | [cloudrun] distilbert
[2026-04-01 15:08:59,327] MacBookPro/WARNING/locustfile: High latency: 540.22ms | [cloudrun] distilbert
[2026-04-01 15:08:59,944] MacBookPro/WARNING/locustfile: High latency: 538.88ms | [cloudrun] distilbert
[2026-04-01 15:09:00,454] MacBookPro/WARNING/locustfile: High latency: 500.55ms | [cloudrun] distilbert
[2026-04-01 15:09:03,620] MacBookPro/WARNING/locustfile: High latency: 513.84ms | [cloudrun] distilbert
[2026-04-01 15:09:03,828] MacBookPro/WARNING/locustfile: High latency: 520.2ms | [cloudrun] distilbert
[2026-04-01 15:09:05,149] MacBookPro/WARNING/locustfile: High latency: 509.24ms | [cloudrun] distilbert
[2026-04-01 15:09:05,608] MacBookPro/WARNING/locustfile: High latency: 500.98ms | [cloudrun] distilbert
[2026-04-01 15:09:05,729] MacBookPro/WARNING/locustfile: High latency: 513.27ms | [cloudrun] distilbert
[2026-04-01 15:09:05,902] MacBookPro/WARNING/locustfile: High latency: 505.48ms | [cloudrun] distilbert
[2026-04-01 15:09:05,941] MacBookPro/WARNING/locustfile: High latency: 624.98ms | [cloudrun] distilbert
[2026-04-01 15:09:06,072] MacBookPro/WARNING/locustfile: High latency: 521.39ms | [cloudrun] distilbert
[2026-04-01 15:09:06,122] MacBookPro/WARNING/locustfile: High latency: 504.92ms | [cloudrun] distilbert
[2026-04-01 15:09:07,413] MacBookPro/WARNING/locustfile: High latency: 507.54ms | [cloudrun] distilbert
[2026-04-01 15:09:08,165] MacBookPro/WARNING/locustfile: High latency: 580.39ms | [cloudrun] distilbert
[2026-04-01 15:09:08,691] MacBookPro/WARNING/locustfile: High latency: 524.13ms | [cloudrun] distilbert
[2026-04-01 15:09:08,740] MacBookPro/WARNING/locustfile: High latency: 517.49ms | [cloudrun] distilbert
[2026-04-01 15:09:12,430] MacBookPro/WARNING/locustfile: High latency: 526.15ms | [cloudrun] distilbert
[2026-04-01 15:09:13,068] MacBookPro/WARNING/locustfile: High latency: 543.65ms | [cloudrun] distilbert
[2026-04-01 15:09:13,118] MacBookPro/WARNING/locustfile: High latency: 582.99ms | [cloudrun] distilbert
[2026-04-01 15:09:13,220] MacBookPro/WARNING/locustfile: High latency: 554.5ms | [cloudrun] distilbert
[2026-04-01 15:09:13,841] MacBookPro/WARNING/locustfile: High latency: 523.75ms | [cloudrun] distilbert
[2026-04-01 15:09:14,262] MacBookPro/WARNING/locustfile: High latency: 524.79ms | [cloudrun] distilbert
[2026-04-01 15:09:14,343] MacBookPro/WARNING/locustfile: High latency: 539.12ms | [cloudrun] distilbert
[2026-04-01 15:09:14,510] MacBookPro/WARNING/locustfile: High latency: 514.73ms | [cloudrun] distilbert
[2026-04-01 15:09:14,519] MacBookPro/WARNING/locustfile: High latency: 670.53ms | [cloudrun] distilbert
[2026-04-01 15:09:14,846] MacBookPro/WARNING/locustfile: High latency: 502.2ms | [cloudrun] distilbert
[2026-04-01 15:09:14,981] MacBookPro/WARNING/locustfile: High latency: 537.44ms | [cloudrun] distilbert
[2026-04-01 15:09:15,150] MacBookPro/WARNING/locustfile: High latency: 518.57ms | [cloudrun] distilbert
[2026-04-01 15:09:17,329] MacBookPro/WARNING/locustfile: High latency: 503.71ms | [cloudrun] distilbert
[2026-04-01 15:09:19,920] MacBookPro/WARNING/locustfile: High latency: 521.49ms | [cloudrun] distilbert
[2026-04-01 15:09:19,929] MacBookPro/WARNING/locustfile: High latency: 509.93ms | [cloudrun] distilbert
[2026-04-01 15:09:21,473] MacBookPro/WARNING/locustfile: High latency: 516.43ms | [cloudrun] distilbert
[2026-04-01 15:09:22,421] MacBookPro/WARNING/locustfile: High latency: 561.5ms | [cloudrun] distilbert
[2026-04-01 15:09:22,555] MacBookPro/WARNING/locustfile: High latency: 529.87ms | [cloudrun] distilbert
[2026-04-01 15:09:23,129] MacBookPro/WARNING/locustfile: High latency: 509.12ms | [cloudrun] distilbert
[2026-04-01 15:09:23,624] MacBookPro/WARNING/locustfile: High latency: 510.15ms | [cloudrun] distilbert
[2026-04-01 15:09:24,108] MacBookPro/WARNING/locustfile: High latency: 507.43ms | [cloudrun] distilbert
[2026-04-01 15:09:24,306] MacBookPro/WARNING/locustfile: High latency: 511.91ms | [cloudrun] distilbert
[2026-04-01 15:09:25,748] MacBookPro/WARNING/locustfile: High latency: 522.04ms | [cloudrun] distilbert
[2026-04-01 15:09:26,144] MacBookPro/WARNING/locustfile: High latency: 517.05ms | [cloudrun] distilbert
[2026-04-01 15:09:26,333] MacBookPro/WARNING/locustfile: High latency: 511.87ms | [cloudrun] distilbert
[2026-04-01 15:09:28,317] MacBookPro/WARNING/locustfile: High latency: 514.93ms | [cloudrun] distilbert
[2026-04-01 15:09:29,323] MacBookPro/WARNING/locustfile: High latency: 584.99ms | [cloudrun] distilbert
[2026-04-01 15:09:30,246] MacBookPro/WARNING/locustfile: High latency: 505.27ms | [cloudrun] distilbert
[2026-04-01 15:09:31,329] MacBookPro/WARNING/locustfile: High latency: 523.94ms | [cloudrun] distilbert
[2026-04-01 15:09:31,415] MacBookPro/WARNING/locustfile: High latency: 647.63ms | [cloudrun] distilbert
[2026-04-01 15:09:31,625] MacBookPro/WARNING/locustfile: High latency: 515.16ms | [cloudrun] distilbert
[2026-04-01 15:09:31,767] MacBookPro/WARNING/locustfile: High latency: 585.73ms | [cloudrun] distilbert
[2026-04-01 15:09:32,019] MacBookPro/WARNING/locustfile: High latency: 595.88ms | [cloudrun] distilbert
[2026-04-01 15:09:32,338] MacBookPro/WARNING/locustfile: High latency: 507.31ms | [cloudrun] distilbert
[2026-04-01 15:09:32,346] MacBookPro/WARNING/locustfile: High latency: 513.19ms | [cloudrun] distilbert
[2026-04-01 15:09:33,610] MacBookPro/WARNING/locustfile: High latency: 506.43ms | [cloudrun] distilbert
[2026-04-01 15:09:33,862] MacBookPro/WARNING/locustfile: High latency: 582.23ms | [cloudrun] distilbert
[2026-04-01 15:09:34,416] MacBookPro/WARNING/locustfile: High latency: 506.19ms | [cloudrun] distilbert
[2026-04-01 15:09:34,938] MacBookPro/WARNING/locustfile: High latency: 504.89ms | [cloudrun] distilbert
[2026-04-01 15:09:37,005] MacBookPro/WARNING/locustfile: High latency: 539.3ms | [cloudrun] distilbert
[2026-04-01 15:09:37,052] MacBookPro/WARNING/locustfile: High latency: 505.39ms | [cloudrun] distilbert
[2026-04-01 15:09:37,421] MacBookPro/WARNING/locustfile: High latency: 562.55ms | [cloudrun] distilbert
[2026-04-01 15:09:39,438] MacBookPro/WARNING/locustfile: High latency: 504.96ms | [cloudrun] distilbert
[2026-04-01 15:09:40,536] MacBookPro/WARNING/locustfile: High latency: 500.7ms | [cloudrun] distilbert
[2026-04-01 15:09:41,808] MacBookPro/WARNING/locustfile: High latency: 575.35ms | [cloudrun] distilbert
[2026-04-01 15:09:41,816] MacBookPro/WARNING/locustfile: High latency: 526.79ms | [cloudrun] distilbert
[2026-04-01 15:09:41,859] MacBookPro/WARNING/locustfile: High latency: 573.82ms | [cloudrun] distilbert
[2026-04-01 15:09:42,317] MacBookPro/WARNING/locustfile: High latency: 506.27ms | [cloudrun] distilbert
[2026-04-01 15:09:42,340] MacBookPro/WARNING/locustfile: High latency: 514.76ms | [cloudrun] distilbert
[2026-04-01 15:09:42,547] MacBookPro/WARNING/locustfile: High latency: 510.03ms | [cloudrun] distilbert
[2026-04-01 15:09:43,821] MacBookPro/WARNING/locustfile: High latency: 528.7ms | [cloudrun] distilbert
[2026-04-01 15:09:43,935] MacBookPro/WARNING/locustfile: High latency: 516.01ms | [cloudrun] distilbert
[2026-04-01 15:09:44,619] MacBookPro/WARNING/locustfile: High latency: 512.86ms | [cloudrun] distilbert
[2026-04-01 15:09:44,870] MacBookPro/WARNING/locustfile: High latency: 510.83ms | [cloudrun] distilbert
[2026-04-01 15:09:46,339] MacBookPro/WARNING/locustfile: High latency: 514.58ms | [cloudrun] distilbert
[2026-04-01 15:09:46,641] MacBookPro/WARNING/locustfile: High latency: 500.55ms | [cloudrun] distilbert
[2026-04-01 15:09:46,744] MacBookPro/WARNING/locustfile: High latency: 507.87ms | [cloudrun] distilbert
[2026-04-01 15:09:47,629] MacBookPro/WARNING/locustfile: High latency: 511.64ms | [cloudrun] distilbert
[2026-04-01 15:09:47,662] MacBookPro/WARNING/locustfile: High latency: 517.84ms | [cloudrun] distilbert
[2026-04-01 15:09:48,043] MacBookPro/WARNING/locustfile: High latency: 502.7ms | [cloudrun] distilbert
[2026-04-01 15:09:48,222] MacBookPro/WARNING/locustfile: High latency: 578.4ms | [cloudrun] distilbert
[2026-04-01 15:09:48,328] MacBookPro/WARNING/locustfile: High latency: 519.91ms | [cloudrun] distilbert
[2026-04-01 15:09:48,648] MacBookPro/WARNING/locustfile: High latency: 580.3ms | [cloudrun] distilbert
[2026-04-01 15:09:50,242] MacBookPro/WARNING/locustfile: High latency: 581.47ms | [cloudrun] distilbert
[2026-04-01 15:09:50,333] MacBookPro/WARNING/locustfile: High latency: 566.43ms | [cloudrun] distilbert
[2026-04-01 15:09:51,028] MacBookPro/WARNING/locustfile: High latency: 516.28ms | [cloudrun] distilbert
[2026-04-01 15:09:54,662] MacBookPro/WARNING/locustfile: High latency: 501.52ms | [cloudrun] distilbert
[2026-04-01 15:09:54,851] MacBookPro/WARNING/locustfile: High latency: 578.98ms | [cloudrun] distilbert
[2026-04-01 15:09:55,879] MacBookPro/WARNING/locustfile: High latency: 512.55ms | [cloudrun] distilbert
[2026-04-01 15:09:56,014] MacBookPro/WARNING/locustfile: High latency: 570.15ms | [cloudrun] distilbert
[2026-04-01 15:09:56,375] MacBookPro/WARNING/locustfile: High latency: 501.82ms | [cloudrun] distilbert
[2026-04-01 15:09:56,476] MacBookPro/WARNING/locustfile: High latency: 589.16ms | [cloudrun] distilbert
[2026-04-01 15:09:56,637] MacBookPro/WARNING/locustfile: High latency: 522.65ms | [cloudrun] distilbert
[2026-04-01 15:09:56,993] MacBookPro/WARNING/locustfile: High latency: 598.88ms | [cloudrun] distilbert
[2026-04-01 15:09:57,519] MacBookPro/WARNING/locustfile: High latency: 595.17ms | [cloudrun] distilbert
[2026-04-01 15:09:57,520] MacBookPro/WARNING/locustfile: High latency: 515.25ms | [cloudrun] distilbert
[2026-04-01 15:09:57,634] MacBookPro/WARNING/locustfile: High latency: 580.14ms | [cloudrun] distilbert
[2026-04-01 15:09:58,124] MacBookPro/WARNING/locustfile: High latency: 668.38ms | [cloudrun] distilbert
[2026-04-01 15:09:58,358] MacBookPro/WARNING/locustfile: High latency: 554.22ms | [cloudrun] distilbert
[2026-04-01 15:09:58,638] MacBookPro/WARNING/locustfile: High latency: 509.45ms | [cloudrun] distilbert
[2026-04-01 15:09:58,835] MacBookPro/WARNING/locustfile: High latency: 601.43ms | [cloudrun] distilbert
[2026-04-01 15:09:59,336] MacBookPro/WARNING/locustfile: High latency: 571.04ms | [cloudrun] distilbert
[2026-04-01 15:09:59,440] MacBookPro/WARNING/locustfile: High latency: 549.31ms | [cloudrun] distilbert
[2026-04-01 15:10:00,140] MacBookPro/WARNING/locustfile: High latency: 509.6ms | [cloudrun] distilbert
[2026-04-01 15:10:00,141] MacBookPro/WARNING/locustfile: High latency: 627.95ms | [cloudrun] distilbert
[2026-04-01 15:10:00,226] MacBookPro/WARNING/locustfile: High latency: 549.97ms | [cloudrun] distilbert
[2026-04-01 15:10:00,662] MacBookPro/WARNING/locustfile: High latency: 525.44ms | [cloudrun] distilbert
[2026-04-01 15:10:00,723] MacBookPro/WARNING/locustfile: High latency: 522.63ms | [cloudrun] distilbert
[2026-04-01 15:10:00,764] MacBookPro/WARNING/locustfile: High latency: 527.36ms | [cloudrun] distilbert
[2026-04-01 15:10:01,225] MacBookPro/WARNING/locustfile: High latency: 586.03ms | [cloudrun] distilbert
[2026-04-01 15:10:01,243] MacBookPro/WARNING/locustfile: High latency: 500.99ms | [cloudrun] distilbert
[2026-04-01 15:10:03,110] MacBookPro/WARNING/locustfile: High latency: 506.33ms | [cloudrun] distilbert
[2026-04-01 15:10:03,284] MacBookPro/WARNING/locustfile: High latency: 504.44ms | [cloudrun] distilbert
[2026-04-01 15:10:06,634] MacBookPro/WARNING/locustfile: High latency: 508.4ms | [cloudrun] distilbert
[2026-04-01 15:10:08,324] MacBookPro/WARNING/locustfile: High latency: 563.4ms | [cloudrun] distilbert
[2026-04-01 15:10:08,527] MacBookPro/WARNING/locustfile: High latency: 537.12ms | [cloudrun] distilbert
[2026-04-01 15:10:08,811] MacBookPro/WARNING/locustfile: High latency: 560.75ms | [cloudrun] distilbert
[2026-04-01 15:10:09,243] MacBookPro/WARNING/locustfile: High latency: 521.44ms | [cloudrun] distilbert
[2026-04-01 15:10:10,100] MacBookPro/WARNING/locustfile: High latency: 571.06ms | [cloudrun] distilbert
[2026-04-01 15:10:10,436] MacBookPro/WARNING/locustfile: High latency: 578.79ms | [cloudrun] distilbert
[2026-04-01 15:10:10,438] MacBookPro/WARNING/locustfile: High latency: 518.4ms | [cloudrun] distilbert
[2026-04-01 15:10:10,626] MacBookPro/WARNING/locustfile: High latency: 616.28ms | [cloudrun] distilbert
[2026-04-01 15:10:10,943] MacBookPro/WARNING/locustfile: High latency: 504.86ms | [cloudrun] distilbert
[2026-04-01 15:10:11,023] MacBookPro/WARNING/locustfile: High latency: 588.37ms | [cloudrun] distilbert
[2026-04-01 15:10:11,544] MacBookPro/WARNING/locustfile: High latency: 511.88ms | [cloudrun] distilbert
[2026-04-01 15:10:11,644] MacBookPro/INFO/locust.main: --run-time limit reached, shutting down
[2026-04-01 15:10:11,694] MacBookPro/INFO/locustfile: Test finished | requests=1513 | failures=0 | p50=510ms | p95=680ms | p99=860ms | rps=12.8
[2026-04-01 15:10:11,732] MacBookPro/INFO/locust.main: writing html report to file: results/cloudrun_distilbert_medium.html
[2026-04-01 15:10:11,734] MacBookPro/INFO/locust.main: Shutting down (exit code 0)
