[2026-04-01 15:01:08,794] MacBookPro/INFO/locust.main: Starting Locust 2.43.3
[2026-04-01 15:01:08,796] MacBookPro/INFO/locust.main: Run time limit set to 100 seconds
[2026-04-01 15:01:08,797] MacBookPro/INFO/locustfile: Test started | users=100
[2026-04-01 15:01:08,797] MacBookPro/INFO/locust.runners: Ramping to 100 users at a rate of 10.00 per second
[2026-04-01 15:01:12,141] MacBookPro/WARNING/locustfile: High latency: 3237.79ms | [gke] distilbert
[2026-04-01 15:01:12,303] MacBookPro/WARNING/locustfile: High latency: 3388.69ms | [gke] distilbert
[2026-04-01 15:01:12,696] MacBookPro/WARNING/locustfile: High latency: 3670.49ms | [gke] distilbert
[2026-04-01 15:01:12,855] MacBookPro/WARNING/locustfile: High latency: 3959.11ms | [gke] distilbert
[2026-04-01 15:01:13,560] MacBookPro/WARNING/locustfile: High latency: 4669.81ms | [gke] distilbert
[2026-04-01 15:01:16,614] MacBookPro/WARNING/locustfile: High latency: 7694.89ms | [gke] distilbert
[2026-04-01 15:01:16,680] MacBookPro/WARNING/locustfile: High latency: 7698.6ms | [gke] distilbert
[2026-04-01 15:01:16,934] MacBookPro/WARNING/locustfile: High latency: 7920.91ms | [gke] distilbert
[2026-04-01 15:01:17,369] MacBookPro/WARNING/locustfile: High latency: 8379.92ms | [gke] distilbert
[2026-04-01 15:01:17,672] MacBookPro/WARNING/locustfile: High latency: 8750.09ms | [gke] distilbert
[2026-04-01 15:01:17,825] MacBookPro/INFO/locust.runners: All users spawned: {"GkeDistilBert": 100} (100 total users)
[2026-04-01 15:01:18,217] MacBookPro/WARNING/locustfile: High latency: 8223.15ms | [gke] distilbert
[2026-04-01 15:01:18,715] MacBookPro/WARNING/locustfile: High latency: 8710.24ms | [gke] distilbert
[2026-04-01 15:01:18,922] MacBookPro/WARNING/locustfile: High latency: 8889.49ms | [gke] distilbert
[2026-04-01 15:01:19,524] MacBookPro/WARNING/locustfile: High latency: 9565.6ms | [gke] distilbert
[2026-04-01 15:01:20,067] MacBookPro/WARNING/locustfile: High latency: 10164.76ms | [gke] distilbert
[2026-04-01 15:01:23,117] MacBookPro/WARNING/locustfile: High latency: 12149.14ms | [gke] distilbert
[2026-04-01 15:01:23,170] MacBookPro/WARNING/locustfile: High latency: 12224.5ms | [gke] distilbert
[2026-04-01 15:01:23,178] MacBookPro/WARNING/locustfile: High latency: 12157.86ms | [gke] distilbert
[2026-04-01 15:01:23,359] MacBookPro/WARNING/locustfile: High latency: 12408.02ms | [gke] distilbert
[2026-04-01 15:01:23,637] MacBookPro/WARNING/locustfile: High latency: 13663.43ms | [gke] distilbert
[2026-04-01 15:01:23,673] MacBookPro/WARNING/locustfile: High latency: 13698.03ms | [gke] distilbert
[2026-04-01 15:01:24,016] MacBookPro/WARNING/locustfile: High latency: 13971.18ms | [gke] distilbert
[2026-04-01 15:01:24,384] MacBookPro/WARNING/locustfile: High latency: 14336.58ms | [gke] distilbert
[2026-04-01 15:01:24,531] MacBookPro/WARNING/locustfile: High latency: 14428.05ms | [gke] distilbert
[2026-04-01 15:01:25,935] MacBookPro/WARNING/locustfile: High latency: 12935.62ms | [gke] distilbert
[2026-04-01 15:01:26,129] MacBookPro/WARNING/locustfile: High latency: 15086.2ms | [gke] distilbert
[2026-04-01 15:01:26,442] MacBookPro/WARNING/locustfile: High latency: 15506.87ms | [gke] distilbert
[2026-04-01 15:01:26,528] MacBookPro/WARNING/locustfile: High latency: 14550.44ms | [gke] distilbert
[2026-04-01 15:01:26,785] MacBookPro/WARNING/locustfile: High latency: 14738.58ms | [gke] distilbert
[2026-04-01 15:01:27,115] MacBookPro/WARNING/locustfile: High latency: 16018.05ms | [gke] distilbert
[2026-04-01 15:01:27,309] MacBookPro/WARNING/locustfile: High latency: 16166.18ms | [gke] distilbert
[2026-04-01 15:01:27,390] MacBookPro/WARNING/locustfile: High latency: 16392.41ms | [gke] distilbert
[2026-04-01 15:01:27,395] MacBookPro/WARNING/locustfile: High latency: 14394.34ms | [gke] distilbert
[2026-04-01 15:01:27,538] MacBookPro/WARNING/locustfile: High latency: 15460.83ms | [gke] distilbert
[2026-04-01 15:01:27,837] MacBookPro/WARNING/locustfile: High latency: 14775.49ms | [gke] distilbert
[2026-04-01 15:01:27,860] MacBookPro/WARNING/locustfile: High latency: 16851.73ms | [gke] distilbert
[2026-04-01 15:01:28,404] MacBookPro/WARNING/locustfile: High latency: 15407.19ms | [gke] distilbert
[2026-04-01 15:01:28,596] MacBookPro/WARNING/locustfile: High latency: 16659.57ms | [gke] distilbert
[2026-04-01 15:01:29,407] MacBookPro/WARNING/locustfile: High latency: 17216.9ms | [gke] distilbert
[2026-04-01 15:01:30,216] MacBookPro/WARNING/locustfile: High latency: 16571.49ms | [gke] distilbert
[2026-04-01 15:01:31,184] MacBookPro/WARNING/locustfile: High latency: 19047.2ms | [gke] distilbert
[2026-04-01 15:01:31,190] MacBookPro/WARNING/locustfile: High latency: 19080.87ms | [gke] distilbert
[2026-04-01 15:01:31,191] MacBookPro/WARNING/locustfile: High latency: 19039.89ms | [gke] distilbert
[2026-04-01 15:01:31,192] MacBookPro/WARNING/locustfile: High latency: 17923.96ms | [gke] distilbert
[2026-04-01 15:01:31,269] MacBookPro/WARNING/locustfile: High latency: 17291.19ms | [gke] distilbert
[2026-04-01 15:01:31,288] MacBookPro/WARNING/locustfile: High latency: 19032.94ms | [gke] distilbert
[2026-04-01 15:01:31,362] MacBookPro/WARNING/locustfile: High latency: 17296.74ms | [gke] distilbert
[2026-04-01 15:01:31,376] MacBookPro/WARNING/locustfile: High latency: 17936.96ms | [gke] distilbert
[2026-04-01 15:01:31,505] MacBookPro/WARNING/locustfile: High latency: 19385.26ms | [gke] distilbert
[2026-04-01 15:01:31,607] MacBookPro/WARNING/locustfile: High latency: 18017.0ms | [gke] distilbert
[2026-04-01 15:01:31,623] MacBookPro/WARNING/locustfile: High latency: 18384.68ms | [gke] distilbert
[2026-04-01 15:01:31,897] MacBookPro/WARNING/locustfile: High latency: 17799.66ms | [gke] distilbert
[2026-04-01 15:01:32,104] MacBookPro/WARNING/locustfile: High latency: 17984.45ms | [gke] distilbert
[2026-04-01 15:01:32,187] MacBookPro/WARNING/locustfile: High latency: 17011.35ms | [gke] distilbert
[2026-04-01 15:01:32,241] MacBookPro/WARNING/locustfile: High latency: 19020.54ms | [gke] distilbert
[2026-04-01 15:01:32,286] MacBookPro/WARNING/locustfile: High latency: 18879.72ms | [gke] distilbert
[2026-04-01 15:01:32,395] MacBookPro/WARNING/locustfile: High latency: 19108.92ms | [gke] distilbert
[2026-04-01 15:01:32,552] MacBookPro/WARNING/locustfile: High latency: 18212.74ms | [gke] distilbert
[2026-04-01 15:01:32,552] MacBookPro/WARNING/locustfile: High latency: 17269.87ms | [gke] distilbert
[2026-04-01 15:01:32,553] MacBookPro/WARNING/locustfile: High latency: 17134.13ms | [gke] distilbert
[2026-04-01 15:01:32,640] MacBookPro/WARNING/locustfile: High latency: 18359.98ms | [gke] distilbert
[2026-04-01 15:01:32,646] MacBookPro/WARNING/locustfile: High latency: 18450.74ms | [gke] distilbert
[2026-04-01 15:01:32,705] MacBookPro/WARNING/locustfile: High latency: 18727.25ms | [gke] distilbert
[2026-04-01 15:01:32,707] MacBookPro/WARNING/locustfile: High latency: 18712.02ms | [gke] distilbert
[2026-04-01 15:01:33,074] MacBookPro/WARNING/locustfile: High latency: 17670.4ms | [gke] distilbert
[2026-04-01 15:01:33,129] MacBookPro/WARNING/locustfile: High latency: 20112.49ms | [gke] distilbert
[2026-04-01 15:01:33,216] MacBookPro/WARNING/locustfile: High latency: 18190.01ms | [gke] distilbert
[2026-04-01 15:01:33,285] MacBookPro/WARNING/locustfile: High latency: 19245.97ms | [gke] distilbert
[2026-04-01 15:01:33,392] MacBookPro/WARNING/locustfile: High latency: 18216.19ms | [gke] distilbert
[2026-04-01 15:01:33,393] MacBookPro/WARNING/locustfile: High latency: 18170.53ms | [gke] distilbert
[2026-04-01 15:01:33,599] MacBookPro/WARNING/locustfile: High latency: 18907.06ms | [gke] distilbert
[2026-04-01 15:01:33,599] MacBookPro/WARNING/locustfile: High latency: 19534.22ms | [gke] distilbert
[2026-04-01 15:01:33,665] MacBookPro/WARNING/locustfile: High latency: 18516.29ms | [gke] distilbert
[2026-04-01 15:01:33,737] MacBookPro/WARNING/locustfile: High latency: 18204.38ms | [gke] distilbert
[2026-04-01 15:01:33,741] MacBookPro/WARNING/locustfile: High latency: 18653.13ms | [gke] distilbert
[2026-04-01 15:01:34,346] MacBookPro/WARNING/locustfile: High latency: 18269.15ms | [gke] distilbert
[2026-04-01 15:01:34,478] MacBookPro/WARNING/locustfile: High latency: 17757.93ms | [gke] distilbert
[2026-04-01 15:01:34,657] MacBookPro/WARNING/locustfile: High latency: 18021.77ms | [gke] distilbert
[2026-04-01 15:01:34,721] MacBookPro/WARNING/locustfile: High latency: 18277.32ms | [gke] distilbert
[2026-04-01 15:01:34,769] MacBookPro/WARNING/locustfile: High latency: 18407.79ms | [gke] distilbert
[2026-04-01 15:01:34,891] MacBookPro/WARNING/locustfile: High latency: 18596.3ms | [gke] distilbert
[2026-04-01 15:01:35,007] MacBookPro/WARNING/locustfile: High latency: 18859.94ms | [gke] distilbert
[2026-04-01 15:01:35,043] MacBookPro/WARNING/locustfile: High latency: 17354.16ms | [gke] distilbert
[2026-04-01 15:01:35,082] MacBookPro/WARNING/locustfile: High latency: 18596.99ms | [gke] distilbert
[2026-04-01 15:01:35,203] MacBookPro/WARNING/locustfile: High latency: 17978.16ms | [gke] distilbert
[2026-04-01 15:01:35,210] MacBookPro/WARNING/locustfile: High latency: 17724.57ms | [gke] distilbert
[2026-04-01 15:01:35,244] MacBookPro/WARNING/locustfile: High latency: 19135.24ms | [gke] distilbert
[2026-04-01 15:01:35,338] MacBookPro/WARNING/locustfile: High latency: 18811.35ms | [gke] distilbert
[2026-04-01 15:01:35,383] MacBookPro/WARNING/locustfile: High latency: 17114.17ms | [gke] distilbert
[2026-04-01 15:01:35,935] MacBookPro/WARNING/locustfile: High latency: 17029.5ms | [gke] distilbert
[2026-04-01 15:01:35,950] MacBookPro/WARNING/locustfile: High latency: 18781.56ms | [gke] distilbert
[2026-04-01 15:01:35,998] MacBookPro/WARNING/locustfile: High latency: 18629.31ms | [gke] distilbert
[2026-04-01 15:01:37,018] MacBookPro/WARNING/locustfile: High latency: 17957.62ms | [gke] distilbert
[2026-04-01 15:01:37,436] MacBookPro/WARNING/locustfile: High latency: 17886.15ms | [gke] distilbert
[2026-04-01 15:01:37,833] MacBookPro/WARNING/locustfile: High latency: 17705.04ms | [gke] distilbert
[2026-04-01 15:01:39,914] MacBookPro/WARNING/locustfile: High latency: 16266.03ms | [gke] distilbert
[2026-04-01 15:01:40,049] MacBookPro/WARNING/locustfile: High latency: 15987.26ms | [gke] distilbert
[2026-04-01 15:01:40,421] MacBookPro/WARNING/locustfile: High latency: 17077.68ms | [gke] distilbert
[2026-04-01 15:01:40,503] MacBookPro/WARNING/locustfile: High latency: 17385.91ms | [gke] distilbert
[2026-04-01 15:01:40,598] MacBookPro/WARNING/locustfile: High latency: 17184.33ms | [gke] distilbert
[2026-04-01 15:01:40,659] MacBookPro/WARNING/locustfile: High latency: 16885.73ms | [gke] distilbert
[2026-04-01 15:01:40,686] MacBookPro/WARNING/locustfile: High latency: 17396.14ms | [gke] distilbert
[2026-04-01 15:01:41,068] MacBookPro/WARNING/locustfile: High latency: 16656.37ms | [gke] distilbert
[2026-04-01 15:01:41,989] MacBookPro/WARNING/locustfile: High latency: 17394.07ms | [gke] distilbert
[2026-04-01 15:01:42,874] MacBookPro/WARNING/locustfile: High latency: 16902.75ms | [gke] distilbert
[2026-04-01 15:01:43,058] MacBookPro/WARNING/locustfile: High latency: 16598.87ms | [gke] distilbert
[2026-04-01 15:01:43,183] MacBookPro/WARNING/locustfile: High latency: 15896.2ms | [gke] distilbert
[2026-04-01 15:01:43,201] MacBookPro/WARNING/locustfile: High latency: 16681.86ms | [gke] distilbert
[2026-04-01 15:01:43,314] MacBookPro/WARNING/locustfile: High latency: 17114.46ms | [gke] distilbert
[2026-04-01 15:01:43,382] MacBookPro/WARNING/locustfile: High latency: 16169.95ms | [gke] distilbert
[2026-04-01 15:01:43,752] MacBookPro/WARNING/locustfile: High latency: 15096.44ms | [gke] distilbert
[2026-04-01 15:01:43,968] MacBookPro/WARNING/locustfile: High latency: 16507.59ms | [gke] distilbert
[2026-04-01 15:01:44,084] MacBookPro/WARNING/locustfile: High latency: 16131.84ms | [gke] distilbert
[2026-04-01 15:01:44,129] MacBookPro/WARNING/locustfile: High latency: 17334.51ms | [gke] distilbert
[2026-04-01 15:01:44,249] MacBookPro/WARNING/locustfile: High latency: 16623.59ms | [gke] distilbert
[2026-04-01 15:01:44,765] MacBookPro/WARNING/locustfile: High latency: 16904.71ms | [gke] distilbert
[2026-04-01 15:01:44,960] MacBookPro/WARNING/locustfile: High latency: 14087.5ms | [gke] distilbert
[2026-04-01 15:01:45,038] MacBookPro/WARNING/locustfile: High latency: 17359.45ms | [gke] distilbert
[2026-04-01 15:01:45,136] MacBookPro/WARNING/locustfile: High latency: 16608.03ms | [gke] distilbert
[2026-04-01 15:01:45,164] MacBookPro/WARNING/locustfile: High latency: 15652.7ms | [gke] distilbert
[2026-04-01 15:01:45,259] MacBookPro/WARNING/locustfile: High latency: 13988.58ms | [gke] distilbert
[2026-04-01 15:01:45,667] MacBookPro/WARNING/locustfile: High latency: 14211.1ms | [gke] distilbert
[2026-04-01 15:01:46,022] MacBookPro/WARNING/locustfile: High latency: 14777.04ms | [gke] distilbert
[2026-04-01 15:01:46,509] MacBookPro/WARNING/locustfile: High latency: 14150.57ms | [gke] distilbert
[2026-04-01 15:01:46,561] MacBookPro/WARNING/locustfile: High latency: 15232.53ms | [gke] distilbert
[2026-04-01 15:01:46,608] MacBookPro/WARNING/locustfile: High latency: 14322.4ms | [gke] distilbert
[2026-04-01 15:01:46,780] MacBookPro/WARNING/locustfile: High latency: 15085.72ms | [gke] distilbert
[2026-04-01 15:01:46,788] MacBookPro/WARNING/locustfile: High latency: 15290.73ms | [gke] distilbert
[2026-04-01 15:01:46,837] MacBookPro/WARNING/locustfile: High latency: 15581.57ms | [gke] distilbert
[2026-04-01 15:01:46,920] MacBookPro/WARNING/locustfile: High latency: 13471.19ms | [gke] distilbert
[2026-04-01 15:01:46,977] MacBookPro/WARNING/locustfile: High latency: 15609.7ms | [gke] distilbert
[2026-04-01 15:01:47,010] MacBookPro/WARNING/locustfile: High latency: 14146.86ms | [gke] distilbert
[2026-04-01 15:01:47,031] MacBookPro/WARNING/locustfile: High latency: 14888.1ms | [gke] distilbert
[2026-04-01 15:01:47,276] MacBookPro/WARNING/locustfile: High latency: 15549.82ms | [gke] distilbert
[2026-04-01 15:01:47,282] MacBookPro/WARNING/locustfile: High latency: 15073.44ms | [gke] distilbert
[2026-04-01 15:01:47,438] MacBookPro/WARNING/locustfile: High latency: 13652.08ms | [gke] distilbert
[2026-04-01 15:01:47,540] MacBookPro/WARNING/locustfile: High latency: 14660.5ms | [gke] distilbert
[2026-04-01 15:01:47,627] MacBookPro/WARNING/locustfile: High latency: 15948.97ms | [gke] distilbert
[2026-04-01 15:01:47,758] MacBookPro/WARNING/locustfile: High latency: 14423.04ms | [gke] distilbert
[2026-04-01 15:01:47,933] MacBookPro/WARNING/locustfile: High latency: 15435.1ms | [gke] distilbert
[2026-04-01 15:01:48,279] MacBookPro/WARNING/locustfile: High latency: 16910.74ms | [gke] distilbert
[2026-04-01 15:01:48,288] MacBookPro/WARNING/locustfile: High latency: 15462.02ms | [gke] distilbert
[2026-04-01 15:01:48,295] MacBookPro/WARNING/locustfile: High latency: 16336.14ms | [gke] distilbert
[2026-04-01 15:01:48,456] MacBookPro/WARNING/locustfile: High latency: 14942.34ms | [gke] distilbert
[2026-04-01 15:01:48,464] MacBookPro/WARNING/locustfile: High latency: 14758.72ms | [gke] distilbert
[2026-04-01 15:01:48,604] MacBookPro/WARNING/locustfile: High latency: 15870.03ms | [gke] distilbert
[2026-04-01 15:01:48,648] MacBookPro/WARNING/locustfile: High latency: 15610.24ms | [gke] distilbert
[2026-04-01 15:01:48,709] MacBookPro/WARNING/locustfile: High latency: 16127.85ms | [gke] distilbert
[2026-04-01 15:01:48,843] MacBookPro/WARNING/locustfile: High latency: 16124.59ms | [gke] distilbert
[2026-04-01 15:01:49,072] MacBookPro/WARNING/locustfile: High latency: 15581.99ms | [gke] distilbert
[2026-04-01 15:01:49,136] MacBookPro/WARNING/locustfile: High latency: 14737.5ms | [gke] distilbert
[2026-04-01 15:01:49,195] MacBookPro/WARNING/locustfile: High latency: 15945.85ms | [gke] distilbert
[2026-04-01 15:01:49,330] MacBookPro/WARNING/locustfile: High latency: 16725.62ms | [gke] distilbert
[2026-04-01 15:01:49,356] MacBookPro/WARNING/locustfile: High latency: 14250.55ms | [gke] distilbert
[2026-04-01 15:01:49,397] MacBookPro/WARNING/locustfile: High latency: 14518.55ms | [gke] distilbert
[2026-04-01 15:01:49,471] MacBookPro/WARNING/locustfile: High latency: 15829.85ms | [gke] distilbert
[2026-04-01 15:01:50,070] MacBookPro/WARNING/locustfile: High latency: 14924.75ms | [gke] distilbert
[2026-04-01 15:01:50,087] MacBookPro/WARNING/locustfile: High latency: 15010.82ms | [gke] distilbert
[2026-04-01 15:01:50,153] MacBookPro/WARNING/locustfile: High latency: 15762.4ms | [gke] distilbert
[2026-04-01 15:01:50,469] MacBookPro/WARNING/locustfile: High latency: 15367.55ms | [gke] distilbert
[2026-04-01 15:01:50,543] MacBookPro/WARNING/locustfile: High latency: 15613.62ms | [gke] distilbert
[2026-04-01 15:01:50,655] MacBookPro/WARNING/locustfile: High latency: 15273.16ms | [gke] distilbert
[2026-04-01 15:01:50,657] MacBookPro/WARNING/locustfile: High latency: 16577.48ms | [gke] distilbert
[2026-04-01 15:01:50,657] MacBookPro/WARNING/locustfile: High latency: 15749.72ms | [gke] distilbert
[2026-04-01 15:01:50,658] MacBookPro/WARNING/locustfile: High latency: 15802.62ms | [gke] distilbert
[2026-04-01 15:01:50,930] MacBookPro/WARNING/locustfile: High latency: 15510.02ms | [gke] distilbert
[2026-04-01 15:01:51,036] MacBookPro/WARNING/locustfile: High latency: 15072.68ms | [gke] distilbert
[2026-04-01 15:01:51,148] MacBookPro/WARNING/locustfile: High latency: 15156.38ms | [gke] distilbert
[2026-04-01 15:01:51,280] MacBookPro/WARNING/locustfile: High latency: 15277.58ms | [gke] distilbert
[2026-04-01 15:01:51,713] MacBookPro/WARNING/locustfile: High latency: 14267.21ms | [gke] distilbert
[2026-04-01 15:01:51,861] MacBookPro/WARNING/locustfile: High latency: 13994.42ms | [gke] distilbert
[2026-04-01 15:01:51,951] MacBookPro/WARNING/locustfile: High latency: 14844.46ms | [gke] distilbert
[2026-04-01 15:01:52,835] MacBookPro/WARNING/locustfile: High latency: 12275.07ms | [gke] distilbert
[2026-04-01 15:01:53,000] MacBookPro/WARNING/locustfile: High latency: 12572.66ms | [gke] distilbert
[2026-04-01 15:01:53,070] MacBookPro/WARNING/locustfile: High latency: 12352.7ms | [gke] distilbert
[2026-04-01 15:01:53,138] MacBookPro/WARNING/locustfile: High latency: 12513.71ms | [gke] distilbert
[2026-04-01 15:01:53,663] MacBookPro/WARNING/locustfile: High latency: 10371.7ms | [gke] distilbert
[2026-04-01 15:01:53,752] MacBookPro/WARNING/locustfile: High latency: 10867.4ms | [gke] distilbert
[2026-04-01 15:01:53,941] MacBookPro/WARNING/locustfile: High latency: 9669.22ms | [gke] distilbert
[2026-04-01 15:01:54,236] MacBookPro/WARNING/locustfile: High latency: 10066.59ms | [gke] distilbert
[2026-04-01 15:01:54,246] MacBookPro/WARNING/locustfile: High latency: 9453.12ms | [gke] distilbert
[2026-04-01 15:01:54,261] MacBookPro/WARNING/locustfile: High latency: 9164.99ms | [gke] distilbert
[2026-04-01 15:01:54,263] MacBookPro/WARNING/locustfile: High latency: 9225.04ms | [gke] distilbert
[2026-04-01 15:01:54,408] MacBookPro/WARNING/locustfile: High latency: 7411.67ms | [gke] distilbert
[2026-04-01 15:01:54,587] MacBookPro/WARNING/locustfile: High latency: 6236.15ms | [gke] distilbert
[2026-04-01 15:01:54,590] MacBookPro/WARNING/locustfile: High latency: 6897.97ms | [gke] distilbert
[2026-04-01 15:01:54,600] MacBookPro/WARNING/locustfile: High latency: 6260.98ms | [gke] distilbert
[2026-04-01 15:01:54,604] MacBookPro/WARNING/locustfile: High latency: 6359.72ms | [gke] distilbert
[2026-04-01 15:01:56,832] MacBookPro/WARNING/locustfile: High latency: 1638.24ms | [gke] distilbert
[2026-04-01 15:01:56,913] MacBookPro/WARNING/locustfile: High latency: 1702.86ms | [gke] distilbert
[2026-04-01 15:01:56,924] MacBookPro/WARNING/locustfile: High latency: 1656.4ms | [gke] distilbert
[2026-04-01 15:01:57,191] MacBookPro/WARNING/locustfile: High latency: 1674.24ms | [gke] distilbert
[2026-04-01 15:01:57,206] MacBookPro/WARNING/locustfile: High latency: 1487.45ms | [gke] distilbert
[2026-04-01 15:01:58,244] MacBookPro/WARNING/locustfile: High latency: 12877.72ms | [gke] distilbert
[2026-04-01 15:01:58,504] MacBookPro/WARNING/locustfile: High latency: 14700.78ms | [gke] distilbert
[2026-04-01 15:01:58,767] MacBookPro/WARNING/locustfile: High latency: 660.39ms | [gke] distilbert
[2026-04-01 15:01:58,963] MacBookPro/WARNING/locustfile: High latency: 15507.54ms | [gke] distilbert
[2026-04-01 15:01:59,311] MacBookPro/WARNING/locustfile: High latency: 15234.98ms | [gke] distilbert
[2026-04-01 15:01:59,468] MacBookPro/WARNING/locustfile: High latency: 15785.65ms | [gke] distilbert
[2026-04-01 15:01:59,552] MacBookPro/WARNING/locustfile: High latency: 1155.62ms | [gke] distilbert
[2026-04-01 15:01:59,556] MacBookPro/WARNING/locustfile: High latency: 16297.64ms | [gke] distilbert
[2026-04-01 15:01:59,602] MacBookPro/WARNING/locustfile: High latency: 15289.42ms | [gke] distilbert
[2026-04-01 15:01:59,679] MacBookPro/WARNING/locustfile: High latency: 15364.71ms | [gke] distilbert
[2026-04-01 15:01:59,817] MacBookPro/WARNING/locustfile: High latency: 15855.43ms | [gke] distilbert
[2026-04-01 15:01:59,868] MacBookPro/WARNING/locustfile: High latency: 1182.87ms | [gke] distilbert
[2026-04-01 15:01:59,971] MacBookPro/WARNING/locustfile: High latency: 1146.09ms | [gke] distilbert
[2026-04-01 15:02:00,177] MacBookPro/WARNING/locustfile: High latency: 15622.22ms | [gke] distilbert
[2026-04-01 15:02:00,231] MacBookPro/WARNING/locustfile: High latency: 15416.33ms | [gke] distilbert
[2026-04-01 15:02:00,340] MacBookPro/WARNING/locustfile: High latency: 16086.27ms | [gke] distilbert
[2026-04-01 15:02:00,662] MacBookPro/WARNING/locustfile: High latency: 16645.71ms | [gke] distilbert
[2026-04-01 15:02:00,718] MacBookPro/WARNING/locustfile: High latency: 16071.27ms | [gke] distilbert
[2026-04-01 15:02:01,274] MacBookPro/WARNING/locustfile: High latency: 15158.5ms | [gke] distilbert
[2026-04-01 15:02:01,385] MacBookPro/WARNING/locustfile: High latency: 16091.12ms | [gke] distilbert
[2026-04-01 15:02:01,385] MacBookPro/WARNING/locustfile: High latency: 16768.58ms | [gke] distilbert
[2026-04-01 15:02:01,679] MacBookPro/WARNING/locustfile: High latency: 14852.31ms | [gke] distilbert
[2026-04-01 15:02:01,728] MacBookPro/WARNING/locustfile: High latency: 16707.86ms | [gke] distilbert
[2026-04-01 15:02:01,799] MacBookPro/WARNING/locustfile: High latency: 16956.07ms | [gke] distilbert
[2026-04-01 15:02:01,938] MacBookPro/WARNING/locustfile: High latency: 15020.21ms | [gke] distilbert
[2026-04-01 15:02:01,979] MacBookPro/WARNING/locustfile: High latency: 2188.28ms | [gke] distilbert
[2026-04-01 15:02:02,038] MacBookPro/WARNING/locustfile: High latency: 15367.52ms | [gke] distilbert
[2026-04-01 15:02:02,175] MacBookPro/WARNING/locustfile: High latency: 2578.87ms | [gke] distilbert
[2026-04-01 15:02:02,467] MacBookPro/WARNING/locustfile: High latency: 15658.07ms | [gke] distilbert
[2026-04-01 15:02:02,573] MacBookPro/WARNING/locustfile: High latency: 15526.83ms | [gke] distilbert
[2026-04-01 15:02:02,578] MacBookPro/WARNING/locustfile: High latency: 2477.17ms | [gke] distilbert
[2026-04-01 15:02:02,579] MacBookPro/WARNING/locustfile: High latency: 16815.09ms | [gke] distilbert
[2026-04-01 15:02:02,694] MacBookPro/WARNING/locustfile: High latency: 16055.34ms | [gke] distilbert
[2026-04-01 15:02:02,750] MacBookPro/WARNING/locustfile: High latency: 15298.68ms | [gke] distilbert
[2026-04-01 15:02:02,831] MacBookPro/WARNING/locustfile: High latency: 15875.52ms | [gke] distilbert
[2026-04-01 15:02:03,353] MacBookPro/WARNING/locustfile: High latency: 3110.36ms | [gke] distilbert
[2026-04-01 15:02:03,485] MacBookPro/WARNING/locustfile: High latency: 15887.98ms | [gke] distilbert
[2026-04-01 15:02:03,534] MacBookPro/WARNING/locustfile: High latency: 16940.62ms | [gke] distilbert
[2026-04-01 15:02:03,671] MacBookPro/WARNING/locustfile: High latency: 16099.46ms | [gke] distilbert
[2026-04-01 15:02:03,767] MacBookPro/WARNING/locustfile: High latency: 16674.77ms | [gke] distilbert
[2026-04-01 15:02:04,009] MacBookPro/WARNING/locustfile: High latency: 15980.95ms | [gke] distilbert
[2026-04-01 15:02:04,310] MacBookPro/WARNING/locustfile: High latency: 16601.49ms | [gke] distilbert
[2026-04-01 15:02:04,606] MacBookPro/WARNING/locustfile: High latency: 4070.62ms | [gke] distilbert
[2026-04-01 15:02:04,860] MacBookPro/WARNING/locustfile: High latency: 17526.11ms | [gke] distilbert
[2026-04-01 15:02:05,058] MacBookPro/WARNING/locustfile: High latency: 4404.58ms | [gke] distilbert
[2026-04-01 15:02:05,059] MacBookPro/WARNING/locustfile: High latency: 16515.75ms | [gke] distilbert
[2026-04-01 15:02:05,220] MacBookPro/WARNING/locustfile: High latency: 15756.78ms | [gke] distilbert
[2026-04-01 15:02:05,320] MacBookPro/WARNING/locustfile: High latency: 15857.85ms | [gke] distilbert
[2026-04-01 15:02:05,338] MacBookPro/WARNING/locustfile: High latency: 4607.44ms | [gke] distilbert
[2026-04-01 15:02:05,343] MacBookPro/WARNING/locustfile: High latency: 16146.99ms | [gke] distilbert
[2026-04-01 15:02:05,582] MacBookPro/WARNING/locustfile: High latency: 4812.41ms | [gke] distilbert
[2026-04-01 15:02:05,679] MacBookPro/WARNING/locustfile: High latency: 4723.4ms | [gke] distilbert
[2026-04-01 15:02:05,721] MacBookPro/WARNING/locustfile: High latency: 4582.45ms | [gke] distilbert
[2026-04-01 15:02:05,769] MacBookPro/WARNING/locustfile: High latency: 4932.43ms | [gke] distilbert
[2026-04-01 15:02:06,423] MacBookPro/WARNING/locustfile: High latency: 15890.21ms | [gke] distilbert
[2026-04-01 15:02:08,990] MacBookPro/WARNING/locustfile: High latency: 6088.54ms | [gke] distilbert
[2026-04-01 15:02:09,062] MacBookPro/WARNING/locustfile: High latency: 6268.7ms | [gke] distilbert
[2026-04-01 15:02:09,153] MacBookPro/WARNING/locustfile: High latency: 6572.28ms | [gke] distilbert
[2026-04-01 15:02:09,455] MacBookPro/WARNING/locustfile: High latency: 6097.21ms | [gke] distilbert
[2026-04-01 15:02:11,543] MacBookPro/WARNING/locustfile: High latency: 7240.6ms | [gke] distilbert
[2026-04-01 15:02:11,980] MacBookPro/WARNING/locustfile: High latency: 7646.4ms | [gke] distilbert
[2026-04-01 15:02:12,475] MacBookPro/WARNING/locustfile: High latency: 7403.24ms | [gke] distilbert
[2026-04-01 15:02:12,661] MacBookPro/WARNING/locustfile: High latency: 8142.2ms | [gke] distilbert
[2026-04-01 15:02:13,101] MacBookPro/WARNING/locustfile: High latency: 8307.6ms | [gke] distilbert
[2026-04-01 15:02:13,447] MacBookPro/WARNING/locustfile: High latency: 14429.55ms | [gke] distilbert
[2026-04-01 15:02:13,657] MacBookPro/WARNING/locustfile: High latency: 8405.83ms | [gke] distilbert
[2026-04-01 15:02:13,720] MacBookPro/WARNING/locustfile: High latency: 15207.57ms | [gke] distilbert
[2026-04-01 15:02:14,193] MacBookPro/WARNING/locustfile: High latency: 8244.63ms | [gke] distilbert
[2026-04-01 15:02:14,326] MacBookPro/WARNING/locustfile: High latency: 16075.91ms | [gke] distilbert
[2026-04-01 15:02:14,498] MacBookPro/WARNING/locustfile: High latency: 8519.88ms | [gke] distilbert
[2026-04-01 15:02:14,586] MacBookPro/WARNING/locustfile: High latency: 8765.85ms | [gke] distilbert
[2026-04-01 15:02:14,712] MacBookPro/WARNING/locustfile: High latency: 8705.96ms | [gke] distilbert
[2026-04-01 15:02:15,031] MacBookPro/WARNING/locustfile: High latency: 8409.01ms | [gke] distilbert
[2026-04-01 15:02:15,032] MacBookPro/WARNING/locustfile: High latency: 8357.97ms | [gke] distilbert
[2026-04-01 15:02:15,167] MacBookPro/WARNING/locustfile: High latency: 15511.6ms | [gke] distilbert
[2026-04-01 15:02:15,216] MacBookPro/WARNING/locustfile: High latency: 15345.58ms | [gke] distilbert
[2026-04-01 15:02:15,282] MacBookPro/WARNING/locustfile: High latency: 8793.38ms | [gke] distilbert
[2026-04-01 15:02:15,548] MacBookPro/WARNING/locustfile: High latency: 15927.05ms | [gke] distilbert
[2026-04-01 15:02:15,549] MacBookPro/WARNING/locustfile: High latency: 9153.45ms | [gke] distilbert
[2026-04-01 15:02:15,549] MacBookPro/WARNING/locustfile: High latency: 9190.5ms | [gke] distilbert
[2026-04-01 15:02:15,550] MacBookPro/WARNING/locustfile: High latency: 8734.77ms | [gke] distilbert
[2026-04-01 15:02:15,595] MacBookPro/WARNING/locustfile: High latency: 8741.85ms | [gke] distilbert
[2026-04-01 15:02:15,643] MacBookPro/WARNING/locustfile: High latency: 15865.45ms | [gke] distilbert
[2026-04-01 15:02:15,648] MacBookPro/WARNING/locustfile: High latency: 16221.66ms | [gke] distilbert
[2026-04-01 15:02:15,648] MacBookPro/WARNING/locustfile: High latency: 15214.47ms | [gke] distilbert
[2026-04-01 15:02:16,089] MacBookPro/WARNING/locustfile: High latency: 16493.35ms | [gke] distilbert
[2026-04-01 15:02:16,090] MacBookPro/WARNING/locustfile: High latency: 15817.93ms | [gke] distilbert
[2026-04-01 15:02:16,115] MacBookPro/WARNING/locustfile: High latency: 9048.37ms | [gke] distilbert
[2026-04-01 15:02:16,292] MacBookPro/WARNING/locustfile: High latency: 15603.31ms | [gke] distilbert
[2026-04-01 15:02:16,380] MacBookPro/WARNING/locustfile: High latency: 16090.88ms | [gke] distilbert
[2026-04-01 15:02:16,594] MacBookPro/WARNING/locustfile: High latency: 8623.5ms | [gke] distilbert
[2026-04-01 15:02:16,845] MacBookPro/WARNING/locustfile: High latency: 16093.97ms | [gke] distilbert
[2026-04-01 15:02:17,120] MacBookPro/WARNING/locustfile: High latency: 15487.62ms | [gke] distilbert
[2026-04-01 15:02:17,431] MacBookPro/WARNING/locustfile: High latency: 15987.06ms | [gke] distilbert
[2026-04-01 15:02:17,742] MacBookPro/WARNING/locustfile: High latency: 15913.52ms | [gke] distilbert
[2026-04-01 15:02:17,999] MacBookPro/WARNING/locustfile: High latency: 16012.4ms | [gke] distilbert
[2026-04-01 15:02:18,170] MacBookPro/WARNING/locustfile: High latency: 16725.08ms | [gke] distilbert
[2026-04-01 15:02:18,218] MacBookPro/WARNING/locustfile: High latency: 15577.06ms | [gke] distilbert
[2026-04-01 15:02:18,362] MacBookPro/WARNING/locustfile: High latency: 15640.19ms | [gke] distilbert
[2026-04-01 15:02:18,454] MacBookPro/WARNING/locustfile: High latency: 16315.72ms | [gke] distilbert
[2026-04-01 15:02:18,745] MacBookPro/WARNING/locustfile: High latency: 16933.68ms | [gke] distilbert
[2026-04-01 15:02:18,884] MacBookPro/WARNING/locustfile: High latency: 17041.09ms | [gke] distilbert
[2026-04-01 15:02:19,034] MacBookPro/WARNING/locustfile: High latency: 16422.58ms | [gke] distilbert
[2026-04-01 15:02:19,299] MacBookPro/WARNING/locustfile: High latency: 16458.75ms | [gke] distilbert
[2026-04-01 15:02:19,412] MacBookPro/WARNING/locustfile: High latency: 16410.15ms | [gke] distilbert
[2026-04-01 15:02:20,270] MacBookPro/WARNING/locustfile: High latency: 17502.84ms | [gke] distilbert
[2026-04-01 15:02:20,295] MacBookPro/WARNING/locustfile: High latency: 10011.63ms | [gke] distilbert
[2026-04-01 15:02:20,691] MacBookPro/WARNING/locustfile: High latency: 16997.97ms | [gke] distilbert
[2026-04-01 15:02:20,793] MacBookPro/WARNING/locustfile: High latency: 17134.32ms | [gke] distilbert
[2026-04-01 15:02:20,983] MacBookPro/WARNING/locustfile: High latency: 10718.62ms | [gke] distilbert
[2026-04-01 15:02:21,069] MacBookPro/WARNING/locustfile: High latency: 10661.22ms | [gke] distilbert
[2026-04-01 15:02:21,206] MacBookPro/WARNING/locustfile: High latency: 10520.4ms | [gke] distilbert
[2026-04-01 15:02:21,511] MacBookPro/WARNING/locustfile: High latency: 17406.18ms | [gke] distilbert
[2026-04-01 15:02:21,590] MacBookPro/WARNING/locustfile: High latency: 17192.65ms | [gke] distilbert
[2026-04-01 15:02:26,226] MacBookPro/WARNING/locustfile: High latency: 13903.11ms | [gke] distilbert
[2026-04-01 15:02:27,658] MacBookPro/WARNING/locustfile: High latency: 14075.94ms | [gke] distilbert
[2026-04-01 15:02:28,661] MacBookPro/WARNING/locustfile: High latency: 15524.02ms | [gke] distilbert
[2026-04-01 15:02:29,077] MacBookPro/WARNING/locustfile: High latency: 15085.8ms | [gke] distilbert
[2026-04-01 15:02:30,622] MacBookPro/WARNING/locustfile: High latency: 16182.45ms | [gke] distilbert
[2026-04-01 15:02:30,753] MacBookPro/WARNING/locustfile: High latency: 16482.71ms | [gke] distilbert
[2026-04-01 15:02:31,799] MacBookPro/WARNING/locustfile: High latency: 17195.07ms | [gke] distilbert
[2026-04-01 15:02:32,680] MacBookPro/WARNING/locustfile: High latency: 16422.76ms | [gke] distilbert
[2026-04-01 15:02:33,121] MacBookPro/WARNING/locustfile: High latency: 18285.81ms | [gke] distilbert
[2026-04-01 15:02:33,672] MacBookPro/WARNING/locustfile: High latency: 18238.0ms | [gke] distilbert
[2026-04-01 15:02:33,680] MacBookPro/WARNING/locustfile: High latency: 18353.77ms | [gke] distilbert
[2026-04-01 15:02:34,421] MacBookPro/WARNING/locustfile: High latency: 18691.77ms | [gke] distilbert
[2026-04-01 15:02:34,423] MacBookPro/WARNING/locustfile: High latency: 17308.99ms | [gke] distilbert
[2026-04-01 15:02:34,985] MacBookPro/WARNING/locustfile: High latency: 18688.31ms | [gke] distilbert
[2026-04-01 15:02:35,225] MacBookPro/WARNING/locustfile: High latency: 18736.6ms | [gke] distilbert
[2026-04-01 15:02:35,470] MacBookPro/WARNING/locustfile: High latency: 19693.03ms | [gke] distilbert
[2026-04-01 15:02:35,581] MacBookPro/WARNING/locustfile: High latency: 19761.85ms | [gke] distilbert
[2026-04-01 15:02:35,659] MacBookPro/WARNING/locustfile: High latency: 19795.58ms | [gke] distilbert
[2026-04-01 15:02:36,131] MacBookPro/WARNING/locustfile: High latency: 19317.79ms | [gke] distilbert
[2026-04-01 15:02:36,212] MacBookPro/WARNING/locustfile: High latency: 18387.65ms | [gke] distilbert
[2026-04-01 15:02:36,213] MacBookPro/WARNING/locustfile: High latency: 19404.79ms | [gke] distilbert
[2026-04-01 15:02:36,299] MacBookPro/WARNING/locustfile: High latency: 20041.51ms | [gke] distilbert
[2026-04-01 15:02:36,308] MacBookPro/WARNING/locustfile: High latency: 19792.63ms | [gke] distilbert
[2026-04-01 15:02:36,519] MacBookPro/WARNING/locustfile: High latency: 19377.61ms | [gke] distilbert
[2026-04-01 15:02:36,520] MacBookPro/WARNING/locustfile: High latency: 18913.88ms | [gke] distilbert
[2026-04-01 15:02:37,042] MacBookPro/WARNING/locustfile: High latency: 19653.66ms | [gke] distilbert
[2026-04-01 15:02:37,152] MacBookPro/WARNING/locustfile: High latency: 19619.33ms | [gke] distilbert
[2026-04-01 15:02:37,846] MacBookPro/WARNING/locustfile: High latency: 19440.57ms | [gke] distilbert
[2026-04-01 15:02:38,160] MacBookPro/WARNING/locustfile: High latency: 21431.58ms | [gke] distilbert
[2026-04-01 15:02:39,148] MacBookPro/WARNING/locustfile: High latency: 21746.65ms | [gke] distilbert
[2026-04-01 15:02:39,154] MacBookPro/WARNING/locustfile: High latency: 18460.73ms | [gke] distilbert
[2026-04-01 15:02:39,336] MacBookPro/WARNING/locustfile: High latency: 21924.69ms | [gke] distilbert
[2026-04-01 15:02:39,784] MacBookPro/WARNING/locustfile: High latency: 21259.93ms | [gke] distilbert
[2026-04-01 15:02:40,268] MacBookPro/WARNING/locustfile: High latency: 22035.67ms | [gke] distilbert
[2026-04-01 15:02:40,488] MacBookPro/WARNING/locustfile: High latency: 22505.19ms | [gke] distilbert
[2026-04-01 15:02:40,508] MacBookPro/WARNING/locustfile: High latency: 22802.25ms | [gke] distilbert
[2026-04-01 15:02:40,884] MacBookPro/WARNING/locustfile: High latency: 22379.83ms | [gke] distilbert
[2026-04-01 15:02:41,056] MacBookPro/WARNING/locustfile: High latency: 4192.66ms | [gke] distilbert
[2026-04-01 15:02:41,551] MacBookPro/WARNING/locustfile: High latency: 4951.4ms | [gke] distilbert
[2026-04-01 15:02:42,286] MacBookPro/WARNING/locustfile: High latency: 21205.56ms | [gke] distilbert
[2026-04-01 15:02:42,623] MacBookPro/WARNING/locustfile: High latency: 21525.77ms | [gke] distilbert
[2026-04-01 15:02:43,027] MacBookPro/WARNING/locustfile: High latency: 6144.44ms | [gke] distilbert
[2026-04-01 15:02:43,335] MacBookPro/WARNING/locustfile: High latency: 21891.94ms | [gke] distilbert
[2026-04-01 15:02:43,410] MacBookPro/WARNING/locustfile: High latency: 6094.95ms | [gke] distilbert
[2026-04-01 15:02:43,647] MacBookPro/WARNING/locustfile: High latency: 6276.26ms | [gke] distilbert
[2026-04-01 15:02:43,859] MacBookPro/WARNING/locustfile: High latency: 6458.26ms | [gke] distilbert
[2026-04-01 15:02:44,538] MacBookPro/WARNING/locustfile: High latency: 6878.51ms | [gke] distilbert
[2026-04-01 15:02:44,908] MacBookPro/WARNING/locustfile: High latency: 6720.46ms | [gke] distilbert
[2026-04-01 15:02:45,453] MacBookPro/WARNING/locustfile: High latency: 7472.92ms | [gke] distilbert
[2026-04-01 15:02:46,125] MacBookPro/WARNING/locustfile: High latency: 6771.47ms | [gke] distilbert
[2026-04-01 15:02:46,330] MacBookPro/WARNING/locustfile: High latency: 13555.16ms | [gke] distilbert
[2026-04-01 15:02:46,743] MacBookPro/WARNING/locustfile: High latency: 6705.58ms | [gke] distilbert
[2026-04-01 15:02:47,004] MacBookPro/WARNING/locustfile: High latency: 5640.76ms | [gke] distilbert
[2026-04-01 15:02:47,713] MacBookPro/WARNING/locustfile: High latency: 5977.12ms | [gke] distilbert
[2026-04-01 15:02:48,115] MacBookPro/WARNING/locustfile: High latency: 5012.21ms | [gke] distilbert
[2026-04-01 15:02:48,222] MacBookPro/WARNING/locustfile: High latency: 21878.39ms | [gke] distilbert
[2026-04-01 15:02:48,303] MacBookPro/WARNING/locustfile: High latency: 4295.26ms | [gke] distilbert
[2026-04-01 15:02:48,596] MacBookPro/INFO/locust.main: --run-time limit reached, shutting down
[2026-04-01 15:02:48,665] MacBookPro/WARNING/locustfile: High latency: 4826.79ms | [gke] distilbert
[2026-04-01 15:02:48,672] MacBookPro/INFO/locustfile: Test finished | requests=484 | failures=119 | p50=17000ms | p95=30000ms | p99=30000ms | rps=3.1
[2026-04-01 15:02:48,714] MacBookPro/INFO/locust.main: writing html report to file: results/gke_distilbert_burst.html
[2026-04-01 15:02:48,715] MacBookPro/INFO/locust.main: Shutting down (exit code 1)
