[2026-04-01 15:06:11,132] MacBookPro/INFO/locust.main: Starting Locust 2.43.3
[2026-04-01 15:06:11,134] MacBookPro/INFO/locust.main: Run time limit set to 120 seconds
[2026-04-01 15:06:11,135] MacBookPro/INFO/locustfile: Test started | users=20
[2026-04-01 15:06:11,135] MacBookPro/INFO/locust.runners: Ramping to 20 users at a rate of 2.00 per second
[2026-04-01 15:06:12,802] MacBookPro/WARNING/locustfile: High latency: 570.67ms | [gke] distilbert
[2026-04-01 15:06:13,072] MacBookPro/WARNING/locustfile: High latency: 870.97ms | [gke] distilbert
[2026-04-01 15:06:13,082] MacBookPro/WARNING/locustfile: High latency: 873.66ms | [gke] distilbert
[2026-04-01 15:06:13,660] MacBookPro/WARNING/locustfile: High latency: 536.16ms | [gke] distilbert
[2026-04-01 15:06:13,806] MacBookPro/WARNING/locustfile: High latency: 576.03ms | [gke] distilbert
[2026-04-01 15:06:13,906] MacBookPro/WARNING/locustfile: High latency: 676.34ms | [gke] distilbert
[2026-04-01 15:06:14,943] MacBookPro/WARNING/locustfile: High latency: 707.84ms | [gke] distilbert
[2026-04-01 15:06:15,274] MacBookPro/WARNING/locustfile: High latency: 893.44ms | [gke] distilbert
[2026-04-01 15:06:15,905] MacBookPro/WARNING/locustfile: High latency: 650.74ms | [gke] distilbert
[2026-04-01 15:06:15,971] MacBookPro/WARNING/locustfile: High latency: 1729.11ms | [gke] distilbert
[2026-04-01 15:06:16,200] MacBookPro/WARNING/locustfile: High latency: 1891.74ms | [gke] distilbert
[2026-04-01 15:06:16,462] MacBookPro/WARNING/locustfile: High latency: 1932.17ms | [gke] distilbert
[2026-04-01 15:06:16,994] MacBookPro/WARNING/locustfile: High latency: 1957.84ms | [gke] distilbert
[2026-04-01 15:06:17,250] MacBookPro/WARNING/locustfile: High latency: 1915.68ms | [gke] distilbert
[2026-04-01 15:06:17,252] MacBookPro/WARNING/locustfile: High latency: 1979.94ms | [gke] distilbert
[2026-04-01 15:06:17,273] MacBookPro/WARNING/locustfile: High latency: 2204.75ms | [gke] distilbert
[2026-04-01 15:06:17,834] MacBookPro/WARNING/locustfile: High latency: 1770.95ms | [gke] distilbert
[2026-04-01 15:06:17,942] MacBookPro/WARNING/locustfile: High latency: 1644.43ms | [gke] distilbert
[2026-04-01 15:06:18,297] MacBookPro/WARNING/locustfile: High latency: 2009.62ms | [gke] distilbert
[2026-04-01 15:06:19,120] MacBookPro/WARNING/locustfile: High latency: 2707.59ms | [gke] distilbert
[2026-04-01 15:06:19,226] MacBookPro/WARNING/locustfile: High latency: 1117.92ms | [gke] distilbert
[2026-04-01 15:06:20,052] MacBookPro/WARNING/locustfile: High latency: 2013.16ms | [gke] distilbert
[2026-04-01 15:06:20,159] MacBookPro/INFO/locust.runners: All users spawned: {"GkeDistilBert": 20} (20 total users)
[2026-04-01 15:06:20,395] MacBookPro/WARNING/locustfile: High latency: 3029.6ms | [gke] distilbert
[2026-04-01 15:06:20,494] MacBookPro/WARNING/locustfile: High latency: 3411.7ms | [gke] distilbert
[2026-04-01 15:06:20,682] MacBookPro/WARNING/locustfile: High latency: 3319.23ms | [gke] distilbert
[2026-04-01 15:06:20,813] MacBookPro/WARNING/locustfile: High latency: 3464.37ms | [gke] distilbert
[2026-04-01 15:06:21,017] MacBookPro/WARNING/locustfile: High latency: 3694.7ms | [gke] distilbert
[2026-04-01 15:06:21,637] MacBookPro/WARNING/locustfile: High latency: 3226.13ms | [gke] distilbert
[2026-04-01 15:06:21,638] MacBookPro/WARNING/locustfile: High latency: 2194.08ms | [gke] distilbert
[2026-04-01 15:06:21,640] MacBookPro/WARNING/locustfile: High latency: 2551.22ms | [gke] distilbert
[2026-04-01 15:06:21,683] MacBookPro/WARNING/locustfile: High latency: 4191.25ms | [gke] distilbert
[2026-04-01 15:06:22,078] MacBookPro/WARNING/locustfile: High latency: 3427.74ms | [gke] distilbert
[2026-04-01 15:06:22,212] MacBookPro/WARNING/locustfile: High latency: 3501.7ms | [gke] distilbert
[2026-04-01 15:06:22,571] MacBookPro/WARNING/locustfile: High latency: 4538.7ms | [gke] distilbert
[2026-04-01 15:06:22,811] MacBookPro/WARNING/locustfile: High latency: 1006.25ms | [gke] distilbert
[2026-04-01 15:06:22,824] MacBookPro/WARNING/locustfile: High latency: 3678.51ms | [gke] distilbert
[2026-04-01 15:06:22,856] MacBookPro/WARNING/locustfile: High latency: 4578.35ms | [gke] distilbert
[2026-04-01 15:06:23,008] MacBookPro/WARNING/locustfile: High latency: 2675.22ms | [gke] distilbert
[2026-04-01 15:06:23,017] MacBookPro/WARNING/locustfile: High latency: 3743.59ms | [gke] distilbert
[2026-04-01 15:06:23,159] MacBookPro/WARNING/locustfile: High latency: 2850.64ms | [gke] distilbert
[2026-04-01 15:06:23,650] MacBookPro/WARNING/locustfile: High latency: 3371.5ms | [gke] distilbert
[2026-04-01 15:06:24,193] MacBookPro/WARNING/locustfile: High latency: 3700.45ms | [gke] distilbert
[2026-04-01 15:06:24,371] MacBookPro/WARNING/locustfile: High latency: 3280.51ms | [gke] distilbert
[2026-04-01 15:06:24,608] MacBookPro/WARNING/locustfile: High latency: 3512.08ms | [gke] distilbert
[2026-04-01 15:06:24,709] MacBookPro/WARNING/locustfile: High latency: 1102.04ms | [gke] distilbert
[2026-04-01 15:06:25,111] MacBookPro/WARNING/locustfile: High latency: 2671.18ms | [gke] distilbert
[2026-04-01 15:06:25,128] MacBookPro/WARNING/locustfile: High latency: 2250.47ms | [gke] distilbert
[2026-04-01 15:06:25,141] MacBookPro/WARNING/locustfile: High latency: 2517.68ms | [gke] distilbert
[2026-04-01 15:06:25,391] MacBookPro/WARNING/locustfile: High latency: 2323.29ms | [gke] distilbert
[2026-04-01 15:06:25,856] MacBookPro/WARNING/locustfile: High latency: 1651.58ms | [gke] distilbert
[2026-04-01 15:06:25,856] MacBookPro/WARNING/locustfile: High latency: 1311.13ms | [gke] distilbert
[2026-04-01 15:06:26,042] MacBookPro/WARNING/locustfile: High latency: 2448.55ms | [gke] distilbert
[2026-04-01 15:06:26,166] MacBookPro/WARNING/locustfile: High latency: 2117.53ms | [gke] distilbert
[2026-04-01 15:06:26,227] MacBookPro/WARNING/locustfile: High latency: 1393.09ms | [gke] distilbert
[2026-04-01 15:06:26,769] MacBookPro/WARNING/locustfile: High latency: 4558.04ms | [gke] distilbert
[2026-04-01 15:06:26,798] MacBookPro/WARNING/locustfile: High latency: 1203.85ms | [gke] distilbert
[2026-04-01 15:06:27,273] MacBookPro/WARNING/locustfile: High latency: 1054.41ms | [gke] distilbert
[2026-04-01 15:06:27,284] MacBookPro/WARNING/locustfile: High latency: 5039.53ms | [gke] distilbert
[2026-04-01 15:06:27,465] MacBookPro/WARNING/locustfile: High latency: 856.05ms | [gke] distilbert
[2026-04-01 15:06:27,731] MacBookPro/WARNING/locustfile: High latency: 5451.63ms | [gke] distilbert
[2026-04-01 15:06:27,792] MacBookPro/WARNING/locustfile: High latency: 1374.54ms | [gke] distilbert
[2026-04-01 15:06:28,368] MacBookPro/WARNING/locustfile: High latency: 1761.92ms | [gke] distilbert
[2026-04-01 15:06:28,372] MacBookPro/WARNING/locustfile: High latency: 5391.36ms | [gke] distilbert
[2026-04-01 15:06:28,672] MacBookPro/WARNING/locustfile: High latency: 1761.14ms | [gke] distilbert
[2026-04-01 15:06:28,783] MacBookPro/WARNING/locustfile: High latency: 912.41ms | [gke] distilbert
[2026-04-01 15:06:28,981] MacBookPro/WARNING/locustfile: High latency: 1530.88ms | [gke] distilbert
[2026-04-01 15:06:29,307] MacBookPro/WARNING/locustfile: High latency: 5929.06ms | [gke] distilbert
[2026-04-01 15:06:30,060] MacBookPro/WARNING/locustfile: High latency: 1020.14ms | [gke] distilbert
[2026-04-01 15:06:30,131] MacBookPro/WARNING/locustfile: High latency: 2319.68ms | [gke] distilbert
[2026-04-01 15:06:30,224] MacBookPro/WARNING/locustfile: High latency: 6249.31ms | [gke] distilbert
[2026-04-01 15:06:30,711] MacBookPro/WARNING/locustfile: High latency: 6549.03ms | [gke] distilbert
[2026-04-01 15:06:30,720] MacBookPro/WARNING/locustfile: High latency: 941.95ms | [gke] distilbert
[2026-04-01 15:06:30,894] MacBookPro/WARNING/locustfile: High latency: 2235.95ms | [gke] distilbert
[2026-04-01 15:06:30,978] MacBookPro/WARNING/locustfile: High latency: 2459.52ms | [gke] distilbert
[2026-04-01 15:06:31,119] MacBookPro/WARNING/locustfile: High latency: 6058.58ms | [gke] distilbert
[2026-04-01 15:06:31,603] MacBookPro/WARNING/locustfile: High latency: 2918.94ms | [gke] distilbert
[2026-04-01 15:06:31,630] MacBookPro/WARNING/locustfile: High latency: 6082.64ms | [gke] distilbert
[2026-04-01 15:06:31,746] MacBookPro/WARNING/locustfile: High latency: 5901.24ms | [gke] distilbert
[2026-04-01 15:06:31,929] MacBookPro/WARNING/locustfile: High latency: 5898.75ms | [gke] distilbert
[2026-04-01 15:06:31,930] MacBookPro/WARNING/locustfile: High latency: 5713.36ms | [gke] distilbert
[2026-04-01 15:06:32,083] MacBookPro/WARNING/locustfile: High latency: 931.81ms | [gke] distilbert
[2026-04-01 15:06:32,323] MacBookPro/WARNING/locustfile: High latency: 3761.33ms | [gke] distilbert
[2026-04-01 15:06:32,468] MacBookPro/WARNING/locustfile: High latency: 3280.86ms | [gke] distilbert
[2026-04-01 15:06:32,616] MacBookPro/WARNING/locustfile: High latency: 912.82ms | [gke] distilbert
[2026-04-01 15:06:32,736] MacBookPro/WARNING/locustfile: High latency: 4351.58ms | [gke] distilbert
[2026-04-01 15:06:32,975] MacBookPro/WARNING/locustfile: High latency: 4802.58ms | [gke] distilbert
[2026-04-01 15:06:32,991] MacBookPro/WARNING/locustfile: High latency: 3231.12ms | [gke] distilbert
[2026-04-01 15:06:33,182] MacBookPro/WARNING/locustfile: High latency: 3525.26ms | [gke] distilbert
[2026-04-01 15:06:33,502] MacBookPro/WARNING/locustfile: High latency: 3215.66ms | [gke] distilbert
[2026-04-01 15:06:34,949] MacBookPro/WARNING/locustfile: High latency: 3537.58ms | [gke] distilbert
[2026-04-01 15:06:34,951] MacBookPro/WARNING/locustfile: High latency: 2644.59ms | [gke] distilbert
[2026-04-01 15:06:34,979] MacBookPro/WARNING/locustfile: High latency: 1581.95ms | [gke] distilbert
[2026-04-01 15:06:35,073] MacBookPro/WARNING/locustfile: High latency: 2844.05ms | [gke] distilbert
[2026-04-01 15:06:35,092] MacBookPro/WARNING/locustfile: High latency: 3811.35ms | [gke] distilbert
[2026-04-01 15:06:35,143] MacBookPro/WARNING/locustfile: High latency: 3502.04ms | [gke] distilbert
[2026-04-01 15:06:35,666] MacBookPro/WARNING/locustfile: High latency: 2929.63ms | [gke] distilbert
[2026-04-01 15:06:35,667] MacBookPro/WARNING/locustfile: High latency: 1804.31ms | [gke] distilbert
[2026-04-01 15:06:36,122] MacBookPro/WARNING/locustfile: High latency: 3132.17ms | [gke] distilbert
[2026-04-01 15:06:36,263] MacBookPro/WARNING/locustfile: High latency: 3325.68ms | [gke] distilbert
[2026-04-01 15:06:36,327] MacBookPro/WARNING/locustfile: High latency: 3134.49ms | [gke] distilbert
[2026-04-01 15:06:36,408] MacBookPro/WARNING/locustfile: High latency: 3026.51ms | [gke] distilbert
[2026-04-01 15:06:36,491] MacBookPro/WARNING/locustfile: High latency: 3410.96ms | [gke] distilbert
[2026-04-01 15:06:36,883] MacBookPro/WARNING/locustfile: High latency: 3766.86ms | [gke] distilbert
[2026-04-01 15:06:36,911] MacBookPro/WARNING/locustfile: High latency: 979.08ms | [gke] distilbert
[2026-04-01 15:06:36,916] MacBookPro/WARNING/locustfile: High latency: 3119.61ms | [gke] distilbert
[2026-04-01 15:06:37,171] MacBookPro/WARNING/locustfile: High latency: 2931.36ms | [gke] distilbert
[2026-04-01 15:06:38,220] MacBookPro/WARNING/locustfile: High latency: 1061.85ms | [gke] distilbert
[2026-04-01 15:06:38,221] MacBookPro/WARNING/locustfile: High latency: 4431.35ms | [gke] distilbert
[2026-04-01 15:06:38,223] MacBookPro/WARNING/locustfile: High latency: 4343.09ms | [gke] distilbert
[2026-04-01 15:06:38,250] MacBookPro/WARNING/locustfile: High latency: 1909.38ms | [gke] distilbert
[2026-04-01 15:06:38,861] MacBookPro/WARNING/locustfile: High latency: 4490.0ms | [gke] distilbert
[2026-04-01 15:06:39,155] MacBookPro/WARNING/locustfile: High latency: 4530.64ms | [gke] distilbert
[2026-04-01 15:06:39,267] MacBookPro/WARNING/locustfile: High latency: 2900.23ms | [gke] distilbert
[2026-04-01 15:06:39,285] MacBookPro/WARNING/locustfile: High latency: 2155.41ms | [gke] distilbert
[2026-04-01 15:06:39,362] MacBookPro/WARNING/locustfile: High latency: 2947.62ms | [gke] distilbert
[2026-04-01 15:06:39,402] MacBookPro/WARNING/locustfile: High latency: 1922.81ms | [gke] distilbert
[2026-04-01 15:06:40,317] MacBookPro/WARNING/locustfile: High latency: 1916.02ms | [gke] distilbert
[2026-04-01 15:06:40,318] MacBookPro/WARNING/locustfile: High latency: 3283.23ms | [gke] distilbert
[2026-04-01 15:06:40,499] MacBookPro/WARNING/locustfile: High latency: 957.54ms | [gke] distilbert
[2026-04-01 15:06:40,977] MacBookPro/WARNING/locustfile: High latency: 1554.79ms | [gke] distilbert
[2026-04-01 15:06:41,364] MacBookPro/WARNING/locustfile: High latency: 5104.13ms | [gke] distilbert
[2026-04-01 15:06:41,366] MacBookPro/WARNING/locustfile: High latency: 3504.98ms | [gke] distilbert
[2026-04-01 15:06:41,410] MacBookPro/WARNING/locustfile: High latency: 5087.22ms | [gke] distilbert
[2026-04-01 15:06:41,548] MacBookPro/WARNING/locustfile: High latency: 1574.27ms | [gke] distilbert
[2026-04-01 15:06:41,631] MacBookPro/WARNING/locustfile: High latency: 3825.33ms | [gke] distilbert
[2026-04-01 15:06:41,668] MacBookPro/WARNING/locustfile: High latency: 1013.72ms | [gke] distilbert
[2026-04-01 15:06:42,163] MacBookPro/WARNING/locustfile: High latency: 4921.64ms | [gke] distilbert
[2026-04-01 15:06:42,556] MacBookPro/WARNING/locustfile: High latency: 3525.98ms | [gke] distilbert
[2026-04-01 15:06:42,606] MacBookPro/WARNING/locustfile: High latency: 4313.11ms | [gke] distilbert
[2026-04-01 15:06:42,711] MacBookPro/WARNING/locustfile: High latency: 4896.6ms | [gke] distilbert
[2026-04-01 15:06:42,794] MacBookPro/WARNING/locustfile: High latency: 4806.41ms | [gke] distilbert
[2026-04-01 15:06:43,010] MacBookPro/WARNING/locustfile: High latency: 1872.59ms | [gke] distilbert
[2026-04-01 15:06:43,146] MacBookPro/WARNING/locustfile: High latency: 3263.55ms | [gke] distilbert
[2026-04-01 15:06:43,169] MacBookPro/WARNING/locustfile: High latency: 1858.02ms | [gke] distilbert
[2026-04-01 15:06:43,185] MacBookPro/WARNING/locustfile: High latency: 3611.37ms | [gke] distilbert
[2026-04-01 15:06:43,298] MacBookPro/WARNING/locustfile: High latency: 2913.13ms | [gke] distilbert
[2026-04-01 15:06:43,545] MacBookPro/WARNING/locustfile: High latency: 1809.99ms | [gke] distilbert
[2026-04-01 15:06:44,415] MacBookPro/WARNING/locustfile: High latency: 1711.58ms | [gke] distilbert
[2026-04-01 15:06:44,917] MacBookPro/WARNING/locustfile: High latency: 1339.25ms | [gke] distilbert
[2026-04-01 15:06:45,230] MacBookPro/WARNING/locustfile: High latency: 2695.94ms | [gke] distilbert
[2026-04-01 15:06:45,396] MacBookPro/WARNING/locustfile: High latency: 2308.77ms | [gke] distilbert
[2026-04-01 15:06:45,559] MacBookPro/WARNING/locustfile: High latency: 4596.49ms | [gke] distilbert
[2026-04-01 15:06:45,573] MacBookPro/WARNING/locustfile: High latency: 1140.01ms | [gke] distilbert
[2026-04-01 15:06:46,110] MacBookPro/WARNING/locustfile: High latency: 2594.5ms | [gke] distilbert
[2026-04-01 15:06:46,111] MacBookPro/WARNING/locustfile: High latency: 5158.69ms | [gke] distilbert
[2026-04-01 15:06:46,208] MacBookPro/WARNING/locustfile: High latency: 2635.44ms | [gke] distilbert
[2026-04-01 15:06:46,255] MacBookPro/WARNING/locustfile: High latency: 4192.53ms | [gke] distilbert
[2026-04-01 15:06:46,398] MacBookPro/WARNING/locustfile: High latency: 2595.33ms | [gke] distilbert
[2026-04-01 15:06:46,612] MacBookPro/WARNING/locustfile: High latency: 2351.81ms | [gke] distilbert
[2026-04-01 15:06:46,613] MacBookPro/WARNING/locustfile: High latency: 4696.7ms | [gke] distilbert
[2026-04-01 15:06:46,831] MacBookPro/WARNING/locustfile: High latency: 2956.56ms | [gke] distilbert
[2026-04-01 15:06:47,128] MacBookPro/WARNING/locustfile: High latency: 899.85ms | [gke] distilbert
[2026-04-01 15:06:47,395] MacBookPro/WARNING/locustfile: High latency: 4648.06ms | [gke] distilbert
[2026-04-01 15:06:47,918] MacBookPro/WARNING/locustfile: High latency: 4840.38ms | [gke] distilbert
[2026-04-01 15:06:48,017] MacBookPro/WARNING/locustfile: High latency: 3221.65ms | [gke] distilbert
[2026-04-01 15:06:48,418] MacBookPro/WARNING/locustfile: High latency: 1558.83ms | [gke] distilbert
[2026-04-01 15:06:48,582] MacBookPro/WARNING/locustfile: High latency: 2720.54ms | [gke] distilbert
[2026-04-01 15:06:49,108] MacBookPro/WARNING/locustfile: High latency: 5033.94ms | [gke] distilbert
[2026-04-01 15:06:49,248] MacBookPro/WARNING/locustfile: High latency: 2179.01ms | [gke] distilbert
[2026-04-01 15:06:49,451] MacBookPro/WARNING/locustfile: High latency: 2066.5ms | [gke] distilbert
[2026-04-01 15:06:49,486] MacBookPro/WARNING/locustfile: High latency: 5134.36ms | [gke] distilbert
[2026-04-01 15:06:49,491] MacBookPro/WARNING/locustfile: High latency: 2213.01ms | [gke] distilbert
[2026-04-01 15:06:49,534] MacBookPro/WARNING/locustfile: High latency: 5855.66ms | [gke] distilbert
[2026-04-01 15:06:49,751] MacBookPro/WARNING/locustfile: High latency: 3577.65ms | [gke] distilbert
[2026-04-01 15:06:49,823] MacBookPro/WARNING/locustfile: High latency: 2113.38ms | [gke] distilbert
[2026-04-01 15:06:50,278] MacBookPro/WARNING/locustfile: High latency: 1591.66ms | [gke] distilbert
[2026-04-01 15:06:50,358] MacBookPro/WARNING/locustfile: High latency: 4718.03ms | [gke] distilbert
[2026-04-01 15:06:50,456] MacBookPro/WARNING/locustfile: High latency: 3628.27ms | [gke] distilbert
[2026-04-01 15:06:50,503] MacBookPro/WARNING/locustfile: High latency: 3218.96ms | [gke] distilbert
[2026-04-01 15:06:51,068] MacBookPro/WARNING/locustfile: High latency: 2810.47ms | [gke] distilbert
[2026-04-01 15:06:51,525] MacBookPro/WARNING/locustfile: High latency: 2556.26ms | [gke] distilbert
[2026-04-01 15:06:51,540] MacBookPro/WARNING/locustfile: High latency: 1118.0ms | [gke] distilbert
[2026-04-01 15:06:51,581] MacBookPro/WARNING/locustfile: High latency: 2794.49ms | [gke] distilbert
[2026-04-01 15:06:51,605] MacBookPro/WARNING/locustfile: High latency: 1063.68ms | [gke] distilbert
[2026-04-01 15:06:51,618] MacBookPro/WARNING/locustfile: High latency: 4258.87ms | [gke] distilbert
[2026-04-01 15:06:51,686] MacBookPro/WARNING/locustfile: High latency: 4499.03ms | [gke] distilbert
[2026-04-01 15:06:51,952] MacBookPro/WARNING/locustfile: High latency: 4465.01ms | [gke] distilbert
[2026-04-01 15:06:52,907] MacBookPro/WARNING/locustfile: High latency: 1631.74ms | [gke] distilbert
[2026-04-01 15:06:53,310] MacBookPro/WARNING/locustfile: High latency: 1725.9ms | [gke] distilbert
[2026-04-01 15:06:53,432] MacBookPro/WARNING/locustfile: High latency: 1208.44ms | [gke] distilbert
[2026-04-01 15:06:54,000] MacBookPro/WARNING/locustfile: High latency: 2181.47ms | [gke] distilbert
[2026-04-01 15:06:54,002] MacBookPro/WARNING/locustfile: High latency: 1827.63ms | [gke] distilbert
[2026-04-01 15:06:54,231] MacBookPro/WARNING/locustfile: High latency: 1395.9ms | [gke] distilbert
[2026-04-01 15:06:54,471] MacBookPro/WARNING/locustfile: High latency: 1440.75ms | [gke] distilbert
[2026-04-01 15:06:54,472] MacBookPro/WARNING/locustfile: High latency: 4847.73ms | [gke] distilbert
[2026-04-01 15:06:54,583] MacBookPro/WARNING/locustfile: High latency: 5107.9ms | [gke] distilbert
[2026-04-01 15:06:54,750] MacBookPro/WARNING/locustfile: High latency: 2308.63ms | [gke] distilbert
[2026-04-01 15:06:54,996] MacBookPro/WARNING/locustfile: High latency: 4703.23ms | [gke] distilbert
[2026-04-01 15:06:54,997] MacBookPro/WARNING/locustfile: High latency: 2332.23ms | [gke] distilbert
[2026-04-01 15:06:55,112] MacBookPro/WARNING/locustfile: High latency: 2249.0ms | [gke] distilbert
[2026-04-01 15:06:55,151] MacBookPro/WARNING/locustfile: High latency: 5070.79ms | [gke] distilbert
[2026-04-01 15:06:55,557] MacBookPro/WARNING/locustfile: High latency: 1190.06ms | [gke] distilbert
[2026-04-01 15:06:55,580] MacBookPro/WARNING/locustfile: High latency: 4567.37ms | [gke] distilbert
[2026-04-01 15:06:55,779] MacBookPro/WARNING/locustfile: High latency: 5168.42ms | [gke] distilbert
[2026-04-01 15:06:55,792] MacBookPro/WARNING/locustfile: High latency: 5421.64ms | [gke] distilbert
[2026-04-01 15:06:55,825] MacBookPro/WARNING/locustfile: High latency: 676.88ms | [gke] distilbert
[2026-04-01 15:06:56,569] MacBookPro/WARNING/locustfile: High latency: 706.02ms | [gke] distilbert
[2026-04-01 15:06:56,614] MacBookPro/WARNING/locustfile: High latency: 5521.41ms | [gke] distilbert
[2026-04-01 15:06:56,682] MacBookPro/WARNING/locustfile: High latency: 829.47ms | [gke] distilbert
[2026-04-01 15:06:57,308] MacBookPro/WARNING/locustfile: High latency: 5357.86ms | [gke] distilbert
[2026-04-01 15:06:57,672] MacBookPro/WARNING/locustfile: High latency: 1456.85ms | [gke] distilbert
[2026-04-01 15:06:57,824] MacBookPro/WARNING/locustfile: High latency: 5501.11ms | [gke] distilbert
[2026-04-01 15:06:58,226] MacBookPro/WARNING/locustfile: High latency: 1599.35ms | [gke] distilbert
[2026-04-01 15:06:58,378] MacBookPro/WARNING/locustfile: High latency: 1571.27ms | [gke] distilbert
[2026-04-01 15:06:58,751] MacBookPro/WARNING/locustfile: High latency: 1921.46ms | [gke] distilbert
[2026-04-01 15:06:59,190] MacBookPro/WARNING/locustfile: High latency: 810.04ms | [gke] distilbert
[2026-04-01 15:06:59,192] MacBookPro/WARNING/locustfile: High latency: 5014.99ms | [gke] distilbert
[2026-04-01 15:06:59,804] MacBookPro/WARNING/locustfile: High latency: 2496.91ms | [gke] distilbert
[2026-04-01 15:06:59,827] MacBookPro/WARNING/locustfile: High latency: 5169.97ms | [gke] distilbert
[2026-04-01 15:06:59,878] MacBookPro/WARNING/locustfile: High latency: 755.39ms | [gke] distilbert
[2026-04-01 15:07:00,246] MacBookPro/WARNING/locustfile: High latency: 3063.64ms | [gke] distilbert
[2026-04-01 15:07:00,247] MacBookPro/WARNING/locustfile: High latency: 5282.01ms | [gke] distilbert
[2026-04-01 15:07:00,541] MacBookPro/WARNING/locustfile: High latency: 3002.45ms | [gke] distilbert
[2026-04-01 15:07:00,574] MacBookPro/WARNING/locustfile: High latency: 751.5ms | [gke] distilbert
[2026-04-01 15:07:00,576] MacBookPro/WARNING/locustfile: High latency: 5416.52ms | [gke] distilbert
[2026-04-01 15:07:00,606] MacBookPro/WARNING/locustfile: High latency: 5689.85ms | [gke] distilbert
[2026-04-01 15:07:00,761] MacBookPro/WARNING/locustfile: High latency: 5391.03ms | [gke] distilbert
[2026-04-01 15:07:00,762] MacBookPro/WARNING/locustfile: High latency: 4862.86ms | [gke] distilbert
[2026-04-01 15:07:00,766] MacBookPro/WARNING/locustfile: High latency: 4821.03ms | [gke] distilbert
[2026-04-01 15:07:01,163] MacBookPro/WARNING/locustfile: High latency: 4416.99ms | [gke] distilbert
[2026-04-01 15:07:01,165] MacBookPro/WARNING/locustfile: High latency: 3348.38ms | [gke] distilbert
[2026-04-01 15:07:01,286] MacBookPro/WARNING/locustfile: High latency: 3178.1ms | [gke] distilbert
[2026-04-01 15:07:01,625] MacBookPro/WARNING/locustfile: High latency: 725.42ms | [gke] distilbert
[2026-04-01 15:07:01,804] MacBookPro/WARNING/locustfile: High latency: 3023.87ms | [gke] distilbert
[2026-04-01 15:07:02,715] MacBookPro/WARNING/locustfile: High latency: 1356.4ms | [gke] distilbert
[2026-04-01 15:07:02,992] MacBookPro/WARNING/locustfile: High latency: 1090.5ms | [gke] distilbert
[2026-04-01 15:07:03,922] MacBookPro/WARNING/locustfile: High latency: 4334.81ms | [gke] distilbert
[2026-04-01 15:07:03,923] MacBookPro/WARNING/locustfile: High latency: 1342.7ms | [gke] distilbert
[2026-04-01 15:07:04,186] MacBookPro/WARNING/locustfile: High latency: 4296.51ms | [gke] distilbert
[2026-04-01 15:07:04,214] MacBookPro/WARNING/locustfile: High latency: 4639.13ms | [gke] distilbert
[2026-04-01 15:07:04,330] MacBookPro/WARNING/locustfile: High latency: 3727.83ms | [gke] distilbert
[2026-04-01 15:07:04,449] MacBookPro/WARNING/locustfile: High latency: 2404.64ms | [gke] distilbert
[2026-04-01 15:07:04,478] MacBookPro/WARNING/locustfile: High latency: 2457.48ms | [gke] distilbert
[2026-04-01 15:07:04,598] MacBookPro/WARNING/locustfile: High latency: 3960.81ms | [gke] distilbert
[2026-04-01 15:07:04,611] MacBookPro/WARNING/locustfile: High latency: 1929.86ms | [gke] distilbert
[2026-04-01 15:07:05,140] MacBookPro/WARNING/locustfile: High latency: 3272.02ms | [gke] distilbert
[2026-04-01 15:07:05,335] MacBookPro/WARNING/locustfile: High latency: 2365.13ms | [gke] distilbert
[2026-04-01 15:07:05,357] MacBookPro/WARNING/locustfile: High latency: 4124.7ms | [gke] distilbert
[2026-04-01 15:07:05,505] MacBookPro/WARNING/locustfile: High latency: 4133.34ms | [gke] distilbert
[2026-04-01 15:07:05,728] MacBookPro/WARNING/locustfile: High latency: 1242.04ms | [gke] distilbert
[2026-04-01 15:07:05,810] MacBookPro/WARNING/locustfile: High latency: 1165.86ms | [gke] distilbert
[2026-04-01 15:07:06,006] MacBookPro/WARNING/locustfile: High latency: 4285.69ms | [gke] distilbert
[2026-04-01 15:07:06,048] MacBookPro/WARNING/locustfile: High latency: 1332.4ms | [gke] distilbert
[2026-04-01 15:07:06,131] MacBookPro/WARNING/locustfile: High latency: 4773.05ms | [gke] distilbert
[2026-04-01 15:07:06,547] MacBookPro/WARNING/locustfile: High latency: 5066.44ms | [gke] distilbert
[2026-04-01 15:07:06,746] MacBookPro/WARNING/locustfile: High latency: 1082.07ms | [gke] distilbert
[2026-04-01 15:07:07,058] MacBookPro/WARNING/locustfile: High latency: 1061.71ms | [gke] distilbert
[2026-04-01 15:07:07,059] MacBookPro/WARNING/locustfile: High latency: 5241.2ms | [gke] distilbert
[2026-04-01 15:07:07,077] MacBookPro/WARNING/locustfile: High latency: 1397.58ms | [gke] distilbert
[2026-04-01 15:07:07,335] MacBookPro/WARNING/locustfile: High latency: 4934.47ms | [gke] distilbert
[2026-04-01 15:07:07,718] MacBookPro/WARNING/locustfile: High latency: 968.63ms | [gke] distilbert
[2026-04-01 15:07:08,791] MacBookPro/WARNING/locustfile: High latency: 5023.99ms | [gke] distilbert
[2026-04-01 15:07:09,466] MacBookPro/WARNING/locustfile: High latency: 2876.51ms | [gke] distilbert
[2026-04-01 15:07:09,886] MacBookPro/WARNING/locustfile: High latency: 4561.28ms | [gke] distilbert
[2026-04-01 15:07:10,027] MacBookPro/WARNING/locustfile: High latency: 4581.16ms | [gke] distilbert
[2026-04-01 15:07:10,201] MacBookPro/WARNING/locustfile: High latency: 2362.74ms | [gke] distilbert
[2026-04-01 15:07:10,234] MacBookPro/WARNING/locustfile: High latency: 5171.26ms | [gke] distilbert
[2026-04-01 15:07:10,261] MacBookPro/WARNING/locustfile: High latency: 3370.12ms | [gke] distilbert
[2026-04-01 15:07:10,396] MacBookPro/WARNING/locustfile: High latency: 3569.24ms | [gke] distilbert
[2026-04-01 15:07:10,452] MacBookPro/WARNING/locustfile: High latency: 4649.53ms | [gke] distilbert
[2026-04-01 15:07:10,479] MacBookPro/WARNING/locustfile: High latency: 2805.72ms | [gke] distilbert
[2026-04-01 15:07:10,508] MacBookPro/WARNING/locustfile: High latency: 2815.07ms | [gke] distilbert
[2026-04-01 15:07:10,511] MacBookPro/WARNING/locustfile: High latency: 3504.62ms | [gke] distilbert
[2026-04-01 15:07:10,591] MacBookPro/WARNING/locustfile: High latency: 2610.54ms | [gke] distilbert
[2026-04-01 15:07:10,727] MacBookPro/WARNING/locustfile: High latency: 4875.89ms | [gke] distilbert
[2026-04-01 15:07:10,762] MacBookPro/WARNING/locustfile: High latency: 3564.1ms | [gke] distilbert
[2026-04-01 15:07:11,071] MacBookPro/WARNING/locustfile: High latency: 3944.86ms | [gke] distilbert
[2026-04-01 15:07:11,131] MacBookPro/WARNING/locustfile: High latency: 1720.83ms | [gke] distilbert
[2026-04-01 15:07:11,153] MacBookPro/WARNING/locustfile: High latency: 3654.49ms | [gke] distilbert
[2026-04-01 15:07:11,250] MacBookPro/WARNING/locustfile: High latency: 3159.26ms | [gke] distilbert
[2026-04-01 15:07:11,252] MacBookPro/WARNING/locustfile: High latency: 2145.81ms | [gke] distilbert
[2026-04-01 15:07:11,374] MacBookPro/WARNING/locustfile: High latency: 2953.06ms | [gke] distilbert
[2026-04-01 15:07:12,019] MacBookPro/WARNING/locustfile: High latency: 1226.65ms | [gke] distilbert
[2026-04-01 15:07:12,661] MacBookPro/WARNING/locustfile: High latency: 1768.18ms | [gke] distilbert
[2026-04-01 15:07:13,349] MacBookPro/WARNING/locustfile: High latency: 2242.35ms | [gke] distilbert
[2026-04-01 15:07:13,356] MacBookPro/WARNING/locustfile: High latency: 1945.5ms | [gke] distilbert
[2026-04-01 15:07:13,868] MacBookPro/WARNING/locustfile: High latency: 2230.22ms | [gke] distilbert
[2026-04-01 15:07:14,026] MacBookPro/WARNING/locustfile: High latency: 2187.9ms | [gke] distilbert
[2026-04-01 15:07:14,397] MacBookPro/WARNING/locustfile: High latency: 3097.77ms | [gke] distilbert
[2026-04-01 15:07:14,786] MacBookPro/WARNING/locustfile: High latency: 2828.55ms | [gke] distilbert
[2026-04-01 15:07:14,919] MacBookPro/WARNING/locustfile: High latency: 2800.72ms | [gke] distilbert
[2026-04-01 15:07:15,059] MacBookPro/WARNING/locustfile: High latency: 3311.68ms | [gke] distilbert
[2026-04-01 15:07:15,082] MacBookPro/WARNING/locustfile: High latency: 2399.69ms | [gke] distilbert
[2026-04-01 15:07:15,508] MacBookPro/WARNING/locustfile: High latency: 1454.61ms | [gke] distilbert
[2026-04-01 15:07:15,561] MacBookPro/WARNING/locustfile: High latency: 3520.61ms | [gke] distilbert
[2026-04-01 15:07:15,563] MacBookPro/WARNING/locustfile: High latency: 1635.49ms | [gke] distilbert
[2026-04-01 15:07:15,638] MacBookPro/WARNING/locustfile: High latency: 3687.75ms | [gke] distilbert
[2026-04-01 15:07:15,800] MacBookPro/WARNING/locustfile: High latency: 3408.49ms | [gke] distilbert
[2026-04-01 15:07:15,969] MacBookPro/WARNING/locustfile: High latency: 886.48ms | [gke] distilbert
[2026-04-01 15:07:15,971] MacBookPro/WARNING/locustfile: High latency: 4539.99ms | [gke] distilbert
[2026-04-01 15:07:16,050] MacBookPro/WARNING/locustfile: High latency: 4613.48ms | [gke] distilbert
[2026-04-01 15:07:16,090] MacBookPro/WARNING/locustfile: High latency: 4636.44ms | [gke] distilbert
[2026-04-01 15:07:16,498] MacBookPro/WARNING/locustfile: High latency: 1397.88ms | [gke] distilbert
[2026-04-01 15:07:16,669] MacBookPro/WARNING/locustfile: High latency: 5003.66ms | [gke] distilbert
[2026-04-01 15:07:17,027] MacBookPro/WARNING/locustfile: High latency: 1108.84ms | [gke] distilbert
[2026-04-01 15:07:17,168] MacBookPro/WARNING/locustfile: High latency: 4885.68ms | [gke] distilbert
[2026-04-01 15:07:17,543] MacBookPro/WARNING/locustfile: High latency: 5472.34ms | [gke] distilbert
[2026-04-01 15:07:17,695] MacBookPro/WARNING/locustfile: High latency: 1793.29ms | [gke] distilbert
[2026-04-01 15:07:17,907] MacBookPro/WARNING/locustfile: High latency: 1462.24ms | [gke] distilbert
[2026-04-01 15:07:18,069] MacBookPro/WARNING/locustfile: High latency: 1233.52ms | [gke] distilbert
[2026-04-01 15:07:18,234] MacBookPro/WARNING/locustfile: High latency: 5524.34ms | [gke] distilbert
[2026-04-01 15:07:18,301] MacBookPro/WARNING/locustfile: High latency: 2271.8ms | [gke] distilbert
[2026-04-01 15:07:18,589] MacBookPro/WARNING/locustfile: High latency: 1303.3ms | [gke] distilbert
[2026-04-01 15:07:18,720] MacBookPro/WARNING/locustfile: High latency: 1295.07ms | [gke] distilbert
[2026-04-01 15:07:19,125] MacBookPro/WARNING/locustfile: High latency: 2346.16ms | [gke] distilbert
[2026-04-01 15:07:19,494] MacBookPro/WARNING/locustfile: High latency: 1713.81ms | [gke] distilbert
[2026-04-01 15:07:20,363] MacBookPro/WARNING/locustfile: High latency: 5796.32ms | [gke] distilbert
[2026-04-01 15:07:20,459] MacBookPro/WARNING/locustfile: High latency: 1953.03ms | [gke] distilbert
[2026-04-01 15:07:20,692] MacBookPro/WARNING/locustfile: High latency: 970.37ms | [gke] distilbert
[2026-04-01 15:07:21,210] MacBookPro/WARNING/locustfile: High latency: 2646.87ms | [gke] distilbert
[2026-04-01 15:07:21,266] MacBookPro/WARNING/locustfile: High latency: 2494.19ms | [gke] distilbert
[2026-04-01 15:07:21,506] MacBookPro/WARNING/locustfile: High latency: 2126.68ms | [gke] distilbert
[2026-04-01 15:07:21,611] MacBookPro/WARNING/locustfile: High latency: 2683.62ms | [gke] distilbert
[2026-04-01 15:07:21,734] MacBookPro/WARNING/locustfile: High latency: 2753.19ms | [gke] distilbert
[2026-04-01 15:07:21,874] MacBookPro/WARNING/locustfile: High latency: 2555.67ms | [gke] distilbert
[2026-04-01 15:07:21,996] MacBookPro/WARNING/locustfile: High latency: 6197.6ms | [gke] distilbert
[2026-04-01 15:07:22,325] MacBookPro/WARNING/locustfile: High latency: 849.03ms | [gke] distilbert
[2026-04-01 15:07:22,392] MacBookPro/WARNING/locustfile: High latency: 2320.51ms | [gke] distilbert
[2026-04-01 15:07:22,785] MacBookPro/WARNING/locustfile: High latency: 1878.13ms | [gke] distilbert
[2026-04-01 15:07:22,786] MacBookPro/WARNING/locustfile: High latency: 6413.0ms | [gke] distilbert
[2026-04-01 15:07:22,787] MacBookPro/WARNING/locustfile: High latency: 6428.49ms | [gke] distilbert
[2026-04-01 15:07:22,788] MacBookPro/WARNING/locustfile: High latency: 6070.28ms | [gke] distilbert
[2026-04-01 15:07:22,789] MacBookPro/WARNING/locustfile: High latency: 6094.42ms | [gke] distilbert
[2026-04-01 15:07:23,017] MacBookPro/WARNING/locustfile: High latency: 5916.75ms | [gke] distilbert
[2026-04-01 15:07:23,115] MacBookPro/WARNING/locustfile: High latency: 1441.71ms | [gke] distilbert
[2026-04-01 15:07:23,603] MacBookPro/WARNING/locustfile: High latency: 5623.19ms | [gke] distilbert
[2026-04-01 15:07:23,716] MacBookPro/WARNING/locustfile: High latency: 813.76ms | [gke] distilbert
[2026-04-01 15:07:24,200] MacBookPro/WARNING/locustfile: High latency: 4354.35ms | [gke] distilbert
[2026-04-01 15:07:24,357] MacBookPro/WARNING/locustfile: High latency: 4740.77ms | [gke] distilbert
[2026-04-01 15:07:24,921] MacBookPro/WARNING/locustfile: High latency: 2191.41ms | [gke] distilbert
[2026-04-01 15:07:24,922] MacBookPro/WARNING/locustfile: High latency: 2035.85ms | [gke] distilbert
[2026-04-01 15:07:25,600] MacBookPro/WARNING/locustfile: High latency: 4146.92ms | [gke] distilbert
[2026-04-01 15:07:25,637] MacBookPro/WARNING/locustfile: High latency: 2926.23ms | [gke] distilbert
[2026-04-01 15:07:25,934] MacBookPro/WARNING/locustfile: High latency: 3038.24ms | [gke] distilbert
[2026-04-01 15:07:26,454] MacBookPro/WARNING/locustfile: High latency: 2760.47ms | [gke] distilbert
[2026-04-01 15:07:26,574] MacBookPro/WARNING/locustfile: High latency: 2881.59ms | [gke] distilbert
[2026-04-01 15:07:26,651] MacBookPro/WARNING/locustfile: High latency: 2906.53ms | [gke] distilbert
[2026-04-01 15:07:26,731] MacBookPro/WARNING/locustfile: High latency: 4071.65ms | [gke] distilbert
[2026-04-01 15:07:26,798] MacBookPro/WARNING/locustfile: High latency: 1540.66ms | [gke] distilbert
[2026-04-01 15:07:26,975] MacBookPro/WARNING/locustfile: High latency: 2903.19ms | [gke] distilbert
[2026-04-01 15:07:27,082] MacBookPro/WARNING/locustfile: High latency: 3820.82ms | [gke] distilbert
[2026-04-01 15:07:27,184] MacBookPro/WARNING/locustfile: High latency: 1663.0ms | [gke] distilbert
[2026-04-01 15:07:27,225] MacBookPro/WARNING/locustfile: High latency: 4156.63ms | [gke] distilbert
[2026-04-01 15:07:27,278] MacBookPro/WARNING/locustfile: High latency: 3628.47ms | [gke] distilbert
[2026-04-01 15:07:27,336] MacBookPro/WARNING/locustfile: High latency: 3210.59ms | [gke] distilbert
[2026-04-01 15:07:27,504] MacBookPro/WARNING/locustfile: High latency: 3490.72ms | [gke] distilbert
[2026-04-01 15:07:27,504] MacBookPro/WARNING/locustfile: High latency: 1483.29ms | [gke] distilbert
[2026-04-01 15:07:28,119] MacBookPro/WARNING/locustfile: High latency: 3819.64ms | [gke] distilbert
[2026-04-01 15:07:28,551] MacBookPro/WARNING/locustfile: High latency: 1926.54ms | [gke] distilbert
[2026-04-01 15:07:28,569] MacBookPro/WARNING/locustfile: High latency: 4045.54ms | [gke] distilbert
[2026-04-01 15:07:28,841] MacBookPro/WARNING/locustfile: High latency: 4287.71ms | [gke] distilbert
[2026-04-01 15:07:28,896] MacBookPro/WARNING/locustfile: High latency: 1652.15ms | [gke] distilbert
[2026-04-01 15:07:29,073] MacBookPro/WARNING/locustfile: High latency: 1601.84ms | [gke] distilbert
[2026-04-01 15:07:29,271] MacBookPro/WARNING/locustfile: High latency: 1441.79ms | [gke] distilbert
[2026-04-01 15:07:29,601] MacBookPro/WARNING/locustfile: High latency: 1439.37ms | [gke] distilbert
[2026-04-01 15:07:30,546] MacBookPro/WARNING/locustfile: High latency: 1006.94ms | [gke] distilbert
[2026-04-01 15:07:30,775] MacBookPro/WARNING/locustfile: High latency: 4517.55ms | [gke] distilbert
[2026-04-01 15:07:30,895] MacBookPro/WARNING/locustfile: High latency: 1482.07ms | [gke] distilbert
[2026-04-01 15:07:31,169] MacBookPro/WARNING/locustfile: High latency: 1599.97ms | [gke] distilbert
[2026-04-01 15:07:31,292] MacBookPro/WARNING/locustfile: High latency: 4458.62ms | [gke] distilbert
[2026-04-01 15:07:31,314] MacBookPro/WARNING/locustfile: High latency: 3531.11ms | [gke] distilbert
[2026-04-01 15:07:31,326] MacBookPro/WARNING/locustfile: High latency: 1113.39ms | [gke] distilbert
[2026-04-01 15:07:31,698] MacBookPro/WARNING/locustfile: High latency: 3914.8ms | [gke] distilbert
[2026-04-01 15:07:31,763] MacBookPro/WARNING/locustfile: High latency: 3864.76ms | [gke] distilbert
[2026-04-01 15:07:32,437] MacBookPro/WARNING/locustfile: High latency: 3948.68ms | [gke] distilbert
[2026-04-01 15:07:32,477] MacBookPro/WARNING/locustfile: High latency: 4356.6ms | [gke] distilbert
[2026-04-01 15:07:32,512] MacBookPro/WARNING/locustfile: High latency: 3989.32ms | [gke] distilbert
[2026-04-01 15:07:32,791] MacBookPro/WARNING/locustfile: High latency: 4012.39ms | [gke] distilbert
[2026-04-01 15:07:32,962] MacBookPro/WARNING/locustfile: High latency: 1497.51ms | [gke] distilbert
[2026-04-01 15:07:32,982] MacBookPro/WARNING/locustfile: High latency: 4287.44ms | [gke] distilbert
[2026-04-01 15:07:33,265] MacBookPro/WARNING/locustfile: High latency: 1648.88ms | [gke] distilbert
[2026-04-01 15:07:33,265] MacBookPro/WARNING/locustfile: High latency: 4108.53ms | [gke] distilbert
[2026-04-01 15:07:33,308] MacBookPro/WARNING/locustfile: High latency: 4602.95ms | [gke] distilbert
[2026-04-01 15:07:33,341] MacBookPro/WARNING/locustfile: High latency: 1555.09ms | [gke] distilbert
[2026-04-01 15:07:33,486] MacBookPro/WARNING/locustfile: High latency: 4806.03ms | [gke] distilbert
[2026-04-01 15:07:33,808] MacBookPro/WARNING/locustfile: High latency: 3890.51ms | [gke] distilbert
[2026-04-01 15:07:34,184] MacBookPro/WARNING/locustfile: High latency: 3567.85ms | [gke] distilbert
[2026-04-01 15:07:35,583] MacBookPro/WARNING/locustfile: High latency: 4774.98ms | [gke] distilbert
[2026-04-01 15:07:36,435] MacBookPro/WARNING/locustfile: High latency: 3665.28ms | [gke] distilbert
[2026-04-01 15:07:36,436] MacBookPro/WARNING/locustfile: High latency: 1905.24ms | [gke] distilbert
[2026-04-01 15:07:36,828] MacBookPro/WARNING/locustfile: High latency: 4531.06ms | [gke] distilbert
[2026-04-01 15:07:37,043] MacBookPro/WARNING/locustfile: High latency: 3406.61ms | [gke] distilbert
[2026-04-01 15:07:37,216] MacBookPro/WARNING/locustfile: High latency: 3594.43ms | [gke] distilbert
[2026-04-01 15:07:37,464] MacBookPro/WARNING/locustfile: High latency: 4229.96ms | [gke] distilbert
[2026-04-01 15:07:37,465] MacBookPro/WARNING/locustfile: High latency: 3486.92ms | [gke] distilbert
[2026-04-01 15:07:37,826] MacBookPro/WARNING/locustfile: High latency: 3683.46ms | [gke] distilbert
[2026-04-01 15:07:37,991] MacBookPro/WARNING/locustfile: High latency: 2533.46ms | [gke] distilbert
[2026-04-01 15:07:38,159] MacBookPro/WARNING/locustfile: High latency: 5845.49ms | [gke] distilbert
[2026-04-01 15:07:38,364] MacBookPro/WARNING/locustfile: High latency: 5801.0ms | [gke] distilbert
[2026-04-01 15:07:38,372] MacBookPro/WARNING/locustfile: High latency: 6004.06ms | [gke] distilbert
[2026-04-01 15:07:39,039] MacBookPro/WARNING/locustfile: High latency: 1248.66ms | [gke] distilbert
[2026-04-01 15:07:39,046] MacBookPro/WARNING/locustfile: High latency: 1225.08ms | [gke] distilbert
[2026-04-01 15:07:39,757] MacBookPro/WARNING/locustfile: High latency: 1429.5ms | [gke] distilbert
[2026-04-01 15:07:40,178] MacBookPro/WARNING/locustfile: High latency: 1341.45ms | [gke] distilbert
[2026-04-01 15:07:40,707] MacBookPro/WARNING/locustfile: High latency: 1075.8ms | [gke] distilbert
[2026-04-01 15:07:41,477] MacBookPro/WARNING/locustfile: High latency: 1143.16ms | [gke] distilbert
[2026-04-01 15:07:41,936] MacBookPro/WARNING/locustfile: High latency: 8614.47ms | [gke] distilbert
[2026-04-01 15:07:41,937] MacBookPro/WARNING/locustfile: High latency: 1081.14ms | [gke] distilbert
[2026-04-01 15:07:41,976] MacBookPro/WARNING/locustfile: High latency: 1688.25ms | [gke] distilbert
[2026-04-01 15:07:42,364] MacBookPro/WARNING/locustfile: High latency: 1071.92ms | [gke] distilbert
[2026-04-01 15:07:42,509] MacBookPro/WARNING/locustfile: High latency: 8348.31ms | [gke] distilbert
[2026-04-01 15:07:42,582] MacBookPro/WARNING/locustfile: High latency: 7663.44ms | [gke] distilbert
[2026-04-01 15:07:42,913] MacBookPro/WARNING/locustfile: High latency: 7877.37ms | [gke] distilbert
[2026-04-01 15:07:43,821] MacBookPro/WARNING/locustfile: High latency: 9598.59ms | [gke] distilbert
[2026-04-01 15:07:43,878] MacBookPro/WARNING/locustfile: High latency: 1276.09ms | [gke] distilbert
[2026-04-01 15:07:44,092] MacBookPro/WARNING/locustfile: High latency: 1556.11ms | [gke] distilbert
[2026-04-01 15:07:44,336] MacBookPro/WARNING/locustfile: High latency: 1254.93ms | [gke] distilbert
[2026-04-01 15:07:44,522] MacBookPro/WARNING/locustfile: High latency: 10054.56ms | [gke] distilbert
[2026-04-01 15:07:44,579] MacBookPro/WARNING/locustfile: High latency: 1527.29ms | [gke] distilbert
[2026-04-01 15:07:44,803] MacBookPro/WARNING/locustfile: High latency: 9052.28ms | [gke] distilbert
[2026-04-01 15:07:44,857] MacBookPro/WARNING/locustfile: High latency: 8453.76ms | [gke] distilbert
[2026-04-01 15:07:46,139] MacBookPro/WARNING/locustfile: High latency: 1258.16ms | [gke] distilbert
[2026-04-01 15:07:46,374] MacBookPro/WARNING/locustfile: High latency: 1717.58ms | [gke] distilbert
[2026-04-01 15:07:46,710] MacBookPro/WARNING/locustfile: High latency: 1310.2ms | [gke] distilbert
[2026-04-01 15:07:46,769] MacBookPro/WARNING/locustfile: High latency: 7957.81ms | [gke] distilbert
[2026-04-01 15:07:47,102] MacBookPro/WARNING/locustfile: High latency: 8771.11ms | [gke] distilbert
[2026-04-01 15:07:47,106] MacBookPro/WARNING/locustfile: High latency: 982.95ms | [gke] distilbert
[2026-04-01 15:07:47,164] MacBookPro/WARNING/locustfile: High latency: 9145.46ms | [gke] distilbert
[2026-04-01 15:07:47,199] MacBookPro/WARNING/locustfile: High latency: 9197.74ms | [gke] distilbert
[2026-04-01 15:07:47,285] MacBookPro/WARNING/locustfile: High latency: 6259.15ms | [gke] distilbert
[2026-04-01 15:07:47,756] MacBookPro/WARNING/locustfile: High latency: 8335.41ms | [gke] distilbert
[2026-04-01 15:07:47,762] MacBookPro/WARNING/locustfile: High latency: 2589.91ms | [gke] distilbert
[2026-04-01 15:07:47,784] MacBookPro/WARNING/locustfile: High latency: 8452.42ms | [gke] distilbert
[2026-04-01 15:07:47,798] MacBookPro/WARNING/locustfile: High latency: 2609.74ms | [gke] distilbert
[2026-04-01 15:07:47,949] MacBookPro/WARNING/locustfile: High latency: 8880.49ms | [gke] distilbert
[2026-04-01 15:07:49,523] MacBookPro/WARNING/locustfile: High latency: 2093.87ms | [gke] distilbert
[2026-04-01 15:07:49,704] MacBookPro/WARNING/locustfile: High latency: 1066.18ms | [gke] distilbert
[2026-04-01 15:07:49,930] MacBookPro/WARNING/locustfile: High latency: 2436.59ms | [gke] distilbert
[2026-04-01 15:07:50,099] MacBookPro/WARNING/locustfile: High latency: 6659.94ms | [gke] distilbert
[2026-04-01 15:07:50,429] MacBookPro/WARNING/locustfile: High latency: 2574.19ms | [gke] distilbert
[2026-04-01 15:07:50,632] MacBookPro/WARNING/locustfile: High latency: 2630.41ms | [gke] distilbert
[2026-04-01 15:07:50,662] MacBookPro/WARNING/locustfile: High latency: 2109.52ms | [gke] distilbert
[2026-04-01 15:07:50,739] MacBookPro/WARNING/locustfile: High latency: 2195.2ms | [gke] distilbert
[2026-04-01 15:07:50,802] MacBookPro/WARNING/locustfile: High latency: 6784.85ms | [gke] distilbert
[2026-04-01 15:07:50,807] MacBookPro/WARNING/locustfile: High latency: 2437.17ms | [gke] distilbert
[2026-04-01 15:07:50,838] MacBookPro/WARNING/locustfile: High latency: 7215.95ms | [gke] distilbert
[2026-04-01 15:07:50,843] MacBookPro/WARNING/locustfile: High latency: 7972.48ms | [gke] distilbert
[2026-04-01 15:07:51,094] MacBookPro/WARNING/locustfile: High latency: 2260.69ms | [gke] distilbert
[2026-04-01 15:07:51,472] MacBookPro/WARNING/locustfile: High latency: 840.09ms | [gke] distilbert
[2026-04-01 15:07:51,656] MacBookPro/WARNING/locustfile: High latency: 5603.65ms | [gke] distilbert
[2026-04-01 15:07:51,929] MacBookPro/WARNING/locustfile: High latency: 6324.02ms | [gke] distilbert
[2026-04-01 15:07:51,961] MacBookPro/WARNING/locustfile: High latency: 736.31ms | [gke] distilbert
[2026-04-01 15:07:52,409] MacBookPro/WARNING/locustfile: High latency: 1385.79ms | [gke] distilbert
[2026-04-01 15:07:52,482] MacBookPro/WARNING/locustfile: High latency: 5144.69ms | [gke] distilbert
[2026-04-01 15:07:53,523] MacBookPro/WARNING/locustfile: High latency: 5246.6ms | [gke] distilbert
[2026-04-01 15:07:53,613] MacBookPro/WARNING/locustfile: High latency: 1281.85ms | [gke] distilbert
[2026-04-01 15:07:54,098] MacBookPro/WARNING/locustfile: High latency: 5687.07ms | [gke] distilbert
[2026-04-01 15:07:54,369] MacBookPro/WARNING/locustfile: High latency: 5389.89ms | [gke] distilbert
[2026-04-01 15:07:54,413] MacBookPro/WARNING/locustfile: High latency: 1694.06ms | [gke] distilbert
[2026-04-01 15:07:54,537] MacBookPro/WARNING/locustfile: High latency: 1526.82ms | [gke] distilbert
[2026-04-01 15:07:54,595] MacBookPro/WARNING/locustfile: High latency: 5748.65ms | [gke] distilbert
[2026-04-01 15:07:54,636] MacBookPro/WARNING/locustfile: High latency: 3374.45ms | [gke] distilbert
[2026-04-01 15:07:55,053] MacBookPro/WARNING/locustfile: High latency: 3646.2ms | [gke] distilbert
[2026-04-01 15:07:55,121] MacBookPro/WARNING/locustfile: High latency: 2780.95ms | [gke] distilbert
[2026-04-01 15:07:55,364] MacBookPro/WARNING/locustfile: High latency: 2885.97ms | [gke] distilbert
[2026-04-01 15:07:55,464] MacBookPro/WARNING/locustfile: High latency: 1156.94ms | [gke] distilbert
[2026-04-01 15:07:55,682] MacBookPro/WARNING/locustfile: High latency: 979.24ms | [gke] distilbert
[2026-04-01 15:07:55,817] MacBookPro/WARNING/locustfile: High latency: 3764.65ms | [gke] distilbert
[2026-04-01 15:07:55,818] MacBookPro/WARNING/locustfile: High latency: 3765.04ms | [gke] distilbert
[2026-04-01 15:07:55,820] MacBookPro/WARNING/locustfile: High latency: 2924.59ms | [gke] distilbert
[2026-04-01 15:07:56,040] MacBookPro/WARNING/locustfile: High latency: 4504.53ms | [gke] distilbert
[2026-04-01 15:07:56,194] MacBookPro/WARNING/locustfile: High latency: 2856.57ms | [gke] distilbert
[2026-04-01 15:07:56,340] MacBookPro/WARNING/locustfile: High latency: 4426.61ms | [gke] distilbert
[2026-04-01 15:07:56,718] MacBookPro/WARNING/locustfile: High latency: 3967.77ms | [gke] distilbert
[2026-04-01 15:07:56,736] MacBookPro/WARNING/locustfile: High latency: 4732.89ms | [gke] distilbert
[2026-04-01 15:07:56,960] MacBookPro/WARNING/locustfile: High latency: 3404.7ms | [gke] distilbert
[2026-04-01 15:07:57,070] MacBookPro/WARNING/locustfile: High latency: 1572.57ms | [gke] distilbert
[2026-04-01 15:07:57,608] MacBookPro/WARNING/locustfile: High latency: 1659.59ms | [gke] distilbert
[2026-04-01 15:07:58,509] MacBookPro/WARNING/locustfile: High latency: 2535.81ms | [gke] distilbert
[2026-04-01 15:07:58,510] MacBookPro/WARNING/locustfile: High latency: 2666.61ms | [gke] distilbert
[2026-04-01 15:07:58,672] MacBookPro/WARNING/locustfile: High latency: 2278.32ms | [gke] distilbert
[2026-04-01 15:07:58,977] MacBookPro/WARNING/locustfile: High latency: 1519.72ms | [gke] distilbert
[2026-04-01 15:07:59,158] MacBookPro/WARNING/locustfile: High latency: 1872.87ms | [gke] distilbert
[2026-04-01 15:07:59,360] MacBookPro/WARNING/locustfile: High latency: 3378.07ms | [gke] distilbert
[2026-04-01 15:07:59,386] MacBookPro/WARNING/locustfile: High latency: 1533.98ms | [gke] distilbert
[2026-04-01 15:07:59,655] MacBookPro/WARNING/locustfile: High latency: 3409.73ms | [gke] distilbert
[2026-04-01 15:07:59,828] MacBookPro/WARNING/locustfile: High latency: 3379.77ms | [gke] distilbert
[2026-04-01 15:08:00,010] MacBookPro/WARNING/locustfile: High latency: 3368.57ms | [gke] distilbert
[2026-04-01 15:08:00,012] MacBookPro/WARNING/locustfile: High latency: 4536.26ms | [gke] distilbert
[2026-04-01 15:08:00,685] MacBookPro/WARNING/locustfile: High latency: 5317.75ms | [gke] distilbert
[2026-04-01 15:08:00,783] MacBookPro/WARNING/locustfile: High latency: 867.45ms | [gke] distilbert
[2026-04-01 15:08:00,897] MacBookPro/WARNING/locustfile: High latency: 1355.35ms | [gke] distilbert
[2026-04-01 15:08:01,057] MacBookPro/WARNING/locustfile: High latency: 3062.83ms | [gke] distilbert
[2026-04-01 15:08:01,208] MacBookPro/WARNING/locustfile: High latency: 1310.23ms | [gke] distilbert
[2026-04-01 15:08:01,928] MacBookPro/WARNING/locustfile: High latency: 747.64ms | [gke] distilbert
[2026-04-01 15:08:02,106] MacBookPro/WARNING/locustfile: High latency: 3336.76ms | [gke] distilbert
[2026-04-01 15:08:02,246] MacBookPro/WARNING/locustfile: High latency: 3007.44ms | [gke] distilbert
[2026-04-01 15:08:02,449] MacBookPro/WARNING/locustfile: High latency: 5579.57ms | [gke] distilbert
[2026-04-01 15:08:02,725] MacBookPro/WARNING/locustfile: High latency: 2483.09ms | [gke] distilbert
[2026-04-01 15:08:02,775] MacBookPro/WARNING/locustfile: High latency: 6320.6ms | [gke] distilbert
[2026-04-01 15:08:02,857] MacBookPro/WARNING/locustfile: High latency: 1179.16ms | [gke] distilbert
[2026-04-01 15:08:02,984] MacBookPro/WARNING/locustfile: High latency: 2051.23ms | [gke] distilbert
[2026-04-01 15:08:03,040] MacBookPro/WARNING/locustfile: High latency: 6395.82ms | [gke] distilbert
[2026-04-01 15:08:03,155] MacBookPro/WARNING/locustfile: High latency: 868.26ms | [gke] distilbert
[2026-04-01 15:08:03,180] MacBookPro/WARNING/locustfile: High latency: 6655.41ms | [gke] distilbert
[2026-04-01 15:08:03,287] MacBookPro/WARNING/locustfile: High latency: 5905.95ms | [gke] distilbert
[2026-04-01 15:08:03,570] MacBookPro/WARNING/locustfile: High latency: 5938.86ms | [gke] distilbert
[2026-04-01 15:08:03,704] MacBookPro/WARNING/locustfile: High latency: 1449.33ms | [gke] distilbert
[2026-04-01 15:08:04,959] MacBookPro/WARNING/locustfile: High latency: 5575.29ms | [gke] distilbert
[2026-04-01 15:08:04,996] MacBookPro/WARNING/locustfile: High latency: 2050.16ms | [gke] distilbert
[2026-04-01 15:08:05,253] MacBookPro/WARNING/locustfile: High latency: 2127.47ms | [gke] distilbert
[2026-04-01 15:08:05,366] MacBookPro/WARNING/locustfile: High latency: 1924.49ms | [gke] distilbert
[2026-04-01 15:08:05,526] MacBookPro/WARNING/locustfile: High latency: 5322.45ms | [gke] distilbert
[2026-04-01 15:08:05,775] MacBookPro/WARNING/locustfile: High latency: 5014.39ms | [gke] distilbert
[2026-04-01 15:08:05,776] MacBookPro/WARNING/locustfile: High latency: 1989.98ms | [gke] distilbert
[2026-04-01 15:08:06,302] MacBookPro/WARNING/locustfile: High latency: 2492.43ms | [gke] distilbert
[2026-04-01 15:08:06,654] MacBookPro/WARNING/locustfile: High latency: 2242.1ms | [gke] distilbert
[2026-04-01 15:08:06,861] MacBookPro/WARNING/locustfile: High latency: 3027.82ms | [gke] distilbert
[2026-04-01 15:08:06,981] MacBookPro/WARNING/locustfile: High latency: 3224.34ms | [gke] distilbert
[2026-04-01 15:08:07,350] MacBookPro/WARNING/locustfile: High latency: 2115.63ms | [gke] distilbert
[2026-04-01 15:08:07,406] MacBookPro/WARNING/locustfile: High latency: 6024.36ms | [gke] distilbert
[2026-04-01 15:08:07,411] MacBookPro/WARNING/locustfile: High latency: 4909.96ms | [gke] distilbert
[2026-04-01 15:08:07,875] MacBookPro/WARNING/locustfile: High latency: 3297.63ms | [gke] distilbert
[2026-04-01 15:08:07,877] MacBookPro/WARNING/locustfile: High latency: 5586.41ms | [gke] distilbert
[2026-04-01 15:08:07,929] MacBookPro/WARNING/locustfile: High latency: 3648.84ms | [gke] distilbert
[2026-04-01 15:08:08,113] MacBookPro/WARNING/locustfile: High latency: 3829.65ms | [gke] distilbert
[2026-04-01 15:08:08,274] MacBookPro/WARNING/locustfile: High latency: 4762.36ms | [gke] distilbert
[2026-04-01 15:08:08,398] MacBookPro/WARNING/locustfile: High latency: 2182.95ms | [gke] distilbert
[2026-04-01 15:08:08,527] MacBookPro/WARNING/locustfile: High latency: 4406.24ms | [gke] distilbert
[2026-04-01 15:08:08,756] MacBookPro/WARNING/locustfile: High latency: 2345.32ms | [gke] distilbert
[2026-04-01 15:08:09,003] MacBookPro/WARNING/locustfile: High latency: 2851.04ms | [gke] distilbert
[2026-04-01 15:08:09,111] MacBookPro/WARNING/locustfile: High latency: 2547.65ms | [gke] distilbert
[2026-04-01 15:08:09,605] MacBookPro/WARNING/locustfile: High latency: 1536.08ms | [gke] distilbert
[2026-04-01 15:08:10,312] MacBookPro/WARNING/locustfile: High latency: 1119.38ms | [gke] distilbert
[2026-04-01 15:08:10,932] MacBookPro/INFO/locust.main: --run-time limit reached, shutting down
[2026-04-01 15:08:11,004] MacBookPro/INFO/locustfile: Test finished | requests=527 | failures=0 | p50=3000ms | p95=6400ms | p99=9000ms | rps=4.7
[2026-04-01 15:08:11,042] MacBookPro/INFO/locust.main: writing html report to file: results/gke_distilbert_medium.html
[2026-04-01 15:08:11,043] MacBookPro/INFO/locust.main: Shutting down (exit code 0)
